#
# An unexpected error has occurred (6) Aborted
#
Stack:
/usr/lib/libc.so.6(+0x3e8f0) [0x7fb5a363e8f0]
/usr/lib/libc.so.6(+0x9a29c) [0x7fb5a369a29c]
/usr/lib/libc.so.6(gsignal+0x20) [0x7fb5a363e7d0]
/usr/lib/libc.so.6(abort+0x26) [0x7fb5a3625681]
/tools/Xilinx/2025.2/Vivado/lib/lnx64.o/Default/libstdc++.so.6(+0x8ba13) [0x7fb5a3e8ba13]
/tools/Xilinx/2025.2/Vivado/lib/lnx64.o/Default/libstdc++.so.6(+0x91b86) [0x7fb5a3e91b86]
/tools/Xilinx/2025.2/Vivado/lib/lnx64.o/Default/libstdc++.so.6(+0x91bc1) [0x7fb5a3e91bc1]
/tools/Xilinx/2025.2/Vivado/lib/lnx64.o/libxv_common.so(hdi::tcltasks::detail::collection_wrapper_base::~collection_wrapper_base()+0x27f) [0x7fb5aedff6f5]
/tools/Xilinx/2025.2/Vivado/lib/lnx64.o/libxv_common.so(+0x7118d5) [0x7fb5aef118d5]
/tools/Xilinx/2025.2/Vivado/lib/lnx64.o/libxv_common.so(hdi::tcltasks::detail::collection_wrapper_base::decr_ref() const+0x27) [0x7fb5aedfc7db]
/tools/Xilinx/2025.2/Vivado/lib/lnx64.o/libxv_tcltasks.so(+0x1109c78) [0x7fb59d709c78]
/tools/Xilinx/2025.2/Vivado/lib/lnx64.o/libxv_tcltasks.so(+0x1104212) [0x7fb59d704212]
/tools/Xilinx/2025.2/Vivado/lib/lnx64.o/libxv_tcltasks.so(+0x1104261) [0x7fb59d704261]
/tools/Xilinx/2025.2/Vivado/lib/lnx64.o/libboost_program_options.so.1.72.0(boost::program_options::option_description::~option_description()+0xd1) [0x7fb5ae3ccbe1]
/tools/Xilinx/2025.2/Vivado/lib/lnx64.o/libboost_program_options.so.1.72.0(boost::program_options::option_description::~option_description()+0x11) [0x7fb5ae3ccc31]
/tools/Xilinx/2025.2/Vivado/lib/lnx64.o/libxv_common.so(boost::detail::sp_counted_impl_p<boost::program_options::option_description>::dispose()+0x13) [0x7fb5af0f3d3b]
/tools/Xilinx/2025.2/Vivado/lib/lnx64.o/libxv_common.so(+0x42fc24) [0x7fb5aec2fc24]
/tools/Xilinx/2025.2/Vivado/lib/lnx64.o/libxv_common.so(hdi::tcltasks::options_description::~options_description()+0xe1) [0x7fb5af1a9bb3]
/usr/lib/libc.so.6(+0x41101) [0x7fb5a3641101]
/usr/lib/libc.so.6(+0x411de) [0x7fb5a36411de]
/tools/Xilinx/2025.2/Vivado/lib/lnx64.o/libxv_synth.so(HARTSInfo::periodicalDetect()+0xfb) [0x7fb59236c8eb]
/tools/Xilinx/2025.2/Vivado/lib/lnx64.o/libxv_common.so(std::thread::_State_impl<std::thread::_Invoker<std::tuple<void (*)()> > >::_M_run()+0x7) [0x7fb5af019fbf]
/tools/Xilinx/2025.2/Vivado/lib/lnx64.o/Default/libstdc++.so.6(+0xbadff) [0x7fb5a3ebadff]
/usr/lib/libc.so.6(+0x981b9) [0x7fb5a36981b9]
/usr/lib/libc.so.6(+0x11d21c) [0x7fb5a371d21c]
