#
# An unexpected error has occurred (6) Aborted
#
Stack:
/usr/lib/libc.so.6(+0x3e8f0) [0x7fa28a43e8f0]
/usr/lib/libc.so.6(+0x9a29c) [0x7fa28a49a29c]
/usr/lib/libc.so.6(gsignal+0x20) [0x7fa28a43e7d0]
/usr/lib/libc.so.6(abort+0x26) [0x7fa28a425681]
/tools/Xilinx/2025.2/Vivado/lib/lnx64.o/Default/libstdc++.so.6(+0x8ba13) [0x7fa28ac8ba13]
/tools/Xilinx/2025.2/Vivado/lib/lnx64.o/Default/libstdc++.so.6(+0x91b86) [0x7fa28ac91b86]
/tools/Xilinx/2025.2/Vivado/lib/lnx64.o/Default/libstdc++.so.6(+0x91bc1) [0x7fa28ac91bc1]
/tools/Xilinx/2025.2/Vivado/lib/lnx64.o/libxv_common.so(hdi::tcltasks::detail::collection_wrapper_base::~collection_wrapper_base()+0x27f) [0x7fa2959ff6f5]
/tools/Xilinx/2025.2/Vivado/lib/lnx64.o/libxv_common.so(+0x7118d5) [0x7fa295b118d5]
/tools/Xilinx/2025.2/Vivado/lib/lnx64.o/libxv_common.so(hdi::tcltasks::detail::collection_wrapper_base::decr_ref() const+0x27) [0x7fa2959fc7db]
/tools/Xilinx/2025.2/Vivado/lib/lnx64.o/libxv_tcltasks.so(+0x1109c78) [0x7fa284509c78]
/tools/Xilinx/2025.2/Vivado/lib/lnx64.o/libxv_tcltasks.so(+0x1104212) [0x7fa284504212]
/tools/Xilinx/2025.2/Vivado/lib/lnx64.o/libxv_tcltasks.so(+0x1104261) [0x7fa284504261]
/tools/Xilinx/2025.2/Vivado/lib/lnx64.o/libboost_program_options.so.1.72.0(boost::program_options::option_description::~option_description()+0xd1) [0x7fa296691be1]
/tools/Xilinx/2025.2/Vivado/lib/lnx64.o/libboost_program_options.so.1.72.0(boost::program_options::option_description::~option_description()+0x11) [0x7fa296691c31]
/tools/Xilinx/2025.2/Vivado/lib/lnx64.o/libxv_common.so(boost::detail::sp_counted_impl_p<boost::program_options::option_description>::dispose()+0x13) [0x7fa295cf3d3b]
/tools/Xilinx/2025.2/Vivado/lib/lnx64.o/libxv_common.so(+0x42fc24) [0x7fa29582fc24]
/tools/Xilinx/2025.2/Vivado/lib/lnx64.o/libxv_common.so(hdi::tcltasks::options_description::~options_description()+0xe1) [0x7fa295da9bb3]
/usr/lib/libc.so.6(+0x41101) [0x7fa28a441101]
/usr/lib/libc.so.6(+0x411de) [0x7fa28a4411de]
/tools/Xilinx/2025.2/Vivado/lib/lnx64.o/libxv_synth.so(HARTSInfo::periodicalDetect()+0xfb) [0x7fa27916c8eb]
/tools/Xilinx/2025.2/Vivado/lib/lnx64.o/libxv_common.so(std::thread::_State_impl<std::thread::_Invoker<std::tuple<void (*)()> > >::_M_run()+0x7) [0x7fa295c19fbf]
/tools/Xilinx/2025.2/Vivado/lib/lnx64.o/Default/libstdc++.so.6(+0xbadff) [0x7fa28acbadff]
/usr/lib/libc.so.6(+0x981b9) [0x7fa28a4981b9]
/usr/lib/libc.so.6(+0x11d21c) [0x7fa28a51d21c]
