#
# An unexpected error has occurred (6) Aborted
#
Stack:
/usr/lib/libc.so.6(+0x3e8f0) [0x7f639623e8f0]
/usr/lib/libc.so.6(+0x9a29c) [0x7f639629a29c]
/usr/lib/libc.so.6(gsignal+0x20) [0x7f639623e7d0]
/usr/lib/libc.so.6(abort+0x26) [0x7f6396225681]
/tools/Xilinx/2025.2/Vivado/lib/lnx64.o/Default/libstdc++.so.6(+0x8ba13) [0x7f6396a8ba13]
/tools/Xilinx/2025.2/Vivado/lib/lnx64.o/Default/libstdc++.so.6(+0x91b86) [0x7f6396a91b86]
/tools/Xilinx/2025.2/Vivado/lib/lnx64.o/Default/libstdc++.so.6(+0x91bc1) [0x7f6396a91bc1]
/tools/Xilinx/2025.2/Vivado/lib/lnx64.o/libxv_common.so(hdi::tcltasks::detail::collection_wrapper_base::~collection_wrapper_base()+0x27f) [0x7f63a19ff6f5]
/tools/Xilinx/2025.2/Vivado/lib/lnx64.o/libxv_common.so(+0x5167f5) [0x7f63a19167f5]
/tools/Xilinx/2025.2/Vivado/lib/lnx64.o/libxv_common.so(hdi::tcltasks::detail::collection_wrapper_base::decr_ref() const+0x27) [0x7f63a19fc7db]
/tools/Xilinx/2025.2/Vivado/lib/lnx64.o/libxv_tcltasks.so(+0x1109b28) [0x7f6390309b28]
/tools/Xilinx/2025.2/Vivado/lib/lnx64.o/libxv_tcltasks.so(+0x11040e2) [0x7f63903040e2]
/tools/Xilinx/2025.2/Vivado/lib/lnx64.o/libxv_tcltasks.so(+0x1104131) [0x7f6390304131]
/tools/Xilinx/2025.2/Vivado/lib/lnx64.o/libboost_program_options.so.1.72.0(boost::program_options::option_description::~option_description()+0xd1) [0x7f63a0fccbe1]
/tools/Xilinx/2025.2/Vivado/lib/lnx64.o/libboost_program_options.so.1.72.0(boost::program_options::option_description::~option_description()+0x11) [0x7f63a0fccc31]
/tools/Xilinx/2025.2/Vivado/lib/lnx64.o/libxv_common.so(boost::detail::sp_counted_impl_p<boost::program_options::option_description>::dispose()+0x13) [0x7f63a1cf3d3b]
/tools/Xilinx/2025.2/Vivado/lib/lnx64.o/libxv_common.so(+0x42fc24) [0x7f63a182fc24]
/tools/Xilinx/2025.2/Vivado/lib/lnx64.o/libxv_common.so(hdi::tcltasks::options_description::~options_description()+0xe1) [0x7f63a1da9bb3]
/usr/lib/libc.so.6(+0x41101) [0x7f6396241101]
/usr/lib/libc.so.6(+0x411de) [0x7f63962411de]
/tools/Xilinx/2025.2/Vivado/lib/lnx64.o/libxv_synth.so(HARTSJobManager::thisThreadWaitForChildError()+0x140) [0x7f6384886ac0]
/tools/Xilinx/2025.2/Vivado/lib/lnx64.o/Default/libstdc++.so.6(+0xbadff) [0x7f6396abadff]
/usr/lib/libc.so.6(+0x981b9) [0x7f63962981b9]
/usr/lib/libc.so.6(+0x11d21c) [0x7f639631d21c]
