
*** Running vivado
    with args -log bd_5d9f_0_c_counter_binary_0_0.vds -m64 -product Vivado -mode batch -messageDb vivado.pb -notrace -source bd_5d9f_0_c_counter_binary_0_0.tcl


****** Vivado v2025.2 (64-bit)
  **** SW Build 6299465 on Fri Nov 14 12:34:56 MST 2025
  **** IP Build 6300035 on Fri Nov 14 10:48:45 MST 2025
  **** SharedData Build 6298862 on Thu Nov 13 04:50:51 MST 2025
  **** Start of session at: Mon Jun  1 22:28:26 2026
    ** Copyright 1986-2022 Xilinx, Inc. All Rights Reserved.
    ** Copyright 2022-2025 Advanced Micro Devices, Inc. All Rights Reserved.

source bd_5d9f_0_c_counter_binary_0_0.tcl -notrace
Command: synth_design -top bd_5d9f_0_c_counter_binary_0_0 -part xc7a100tcsg324-1 -incremental_mode off -mode out_of_context
Starting synth_design
Attempting to get a license for feature 'Synthesis' and/or device 'xc7a100t'
INFO: [Common 17-349] Got license for feature 'Synthesis' and/or device 'xc7a100t'
INFO: [Device 21-403] Loading part xc7a100tcsg324-1
INFO: [Synth 8-7079] Multithreading enabled for synth_design using a maximum of 7 processes.
INFO: [Synth 8-7078] Launching helper process for spawning children vivado processes
INFO: [Synth 8-7075] Helper process launched with PID 24111
---------------------------------------------------------------------------------
Starting RTL Elaboration : Time (s): cpu = 00:00:06 ; elapsed = 00:00:08 . Memory (MB): peak = 2207.504 ; gain = 480.875 ; free physical = 222 ; free virtual = 7553
---------------------------------------------------------------------------------
INFO: [Synth 8-638] synthesizing module 'bd_5d9f_0_c_counter_binary_0_0' [/run/media/sackb/Windows-SSD/Users/sackb/OneDrive/Desktop/University/Course_Work/2025-2026/Spring_2026/ECE_540/ece540sp26-Final_Project/Hardware/Hardware.gen/sources_1/ip/axi_ethernet_0/bd_0/ip/ip_3/synth/bd_5d9f_0_c_counter_binary_0_0.vhd:68]
	Parameter C_IMPLEMENTATION bound to: 0 - type: integer 
	Parameter C_VERBOSITY bound to: 0 - type: integer 
	Parameter C_XDEVICEFAMILY bound to: artix7 - type: string 
	Parameter C_WIDTH bound to: 24 - type: integer 
	Parameter C_HAS_CE bound to: 0 - type: integer 
	Parameter C_HAS_SCLR bound to: 1 - type: integer 
	Parameter C_RESTRICT_COUNT bound to: 1 - type: integer 
	Parameter C_COUNT_TO bound to: 1100000000000000000000 - type: string 
	Parameter C_COUNT_BY bound to: 1 - type: string 
	Parameter C_COUNT_MODE bound to: 0 - type: integer 
	Parameter C_THRESH0_VALUE bound to: 1100000000000000000000 - type: string 
	Parameter C_CE_OVERRIDES_SYNC bound to: 0 - type: integer 
	Parameter C_HAS_THRESH0 bound to: 1 - type: integer 
	Parameter C_HAS_LOAD bound to: 0 - type: integer 
	Parameter C_LOAD_LOW bound to: 0 - type: integer 
	Parameter C_LATENCY bound to: 1 - type: integer 
	Parameter C_FB_LATENCY bound to: 0 - type: integer 
	Parameter C_AINIT_VAL bound to: 0 - type: string 
	Parameter C_SINIT_VAL bound to: 0 - type: string 
	Parameter C_SCLR_OVERRIDES_SSET bound to: 1 - type: integer 
	Parameter C_HAS_SSET bound to: 0 - type: integer 
	Parameter C_HAS_SINIT bound to: 0 - type: integer 
INFO: [Synth 8-3491] module 'c_counter_binary_v12_0_22' declared at '/run/media/sackb/Windows-SSD/Users/sackb/OneDrive/Desktop/University/Course_Work/2025-2026/Spring_2026/ECE_540/ece540sp26-Final_Project/Hardware/Hardware.gen/sources_1/ip/axi_ethernet_0/bd_0/ip/ip_3/hdl/c_counter_binary_v12_0_vh_rfs.vhd:4289' bound to instance 'U0' of component 'c_counter_binary_v12_0_22' [/run/media/sackb/Windows-SSD/Users/sackb/OneDrive/Desktop/University/Course_Work/2025-2026/Spring_2026/ECE_540/ece540sp26-Final_Project/Hardware/Hardware.gen/sources_1/ip/axi_ethernet_0/bd_0/ip/ip_3/synth/bd_5d9f_0_c_counter_binary_0_0.vhd:133]
INFO: [Synth 8-256] done synthesizing module 'bd_5d9f_0_c_counter_binary_0_0' (0#1) [/run/media/sackb/Windows-SSD/Users/sackb/OneDrive/Desktop/University/Course_Work/2025-2026/Spring_2026/ECE_540/ece540sp26-Final_Project/Hardware/Hardware.gen/sources_1/ip/axi_ethernet_0/bd_0/ip/ip_3/synth/bd_5d9f_0_c_counter_binary_0_0.vhd:68]
INFO: [Synth 8-7129] Port CE in module c_reg_fd_v12_0_11_viv is either unconnected or has no load
INFO: [Synth 8-7129] Port AINIT in module c_reg_fd_v12_0_11_viv is either unconnected or has no load
INFO: [Synth 8-7129] Port ACLR in module c_reg_fd_v12_0_11_viv is either unconnected or has no load
INFO: [Synth 8-7129] Port ASET in module c_reg_fd_v12_0_11_viv is either unconnected or has no load
INFO: [Synth 8-7129] Port SINIT in module c_reg_fd_v12_0_11_viv is either unconnected or has no load
INFO: [Synth 8-7129] Port SSET in module c_reg_fd_v12_0_11_viv is either unconnected or has no load
INFO: [Synth 8-7129] Port b[23] in module c_addsub_v12_0_21_lut6_legacy is either unconnected or has no load
INFO: [Synth 8-7129] Port b[22] in module c_addsub_v12_0_21_lut6_legacy is either unconnected or has no load
INFO: [Synth 8-7129] Port b[21] in module c_addsub_v12_0_21_lut6_legacy is either unconnected or has no load
INFO: [Synth 8-7129] Port b[20] in module c_addsub_v12_0_21_lut6_legacy is either unconnected or has no load
INFO: [Synth 8-7129] Port b[19] in module c_addsub_v12_0_21_lut6_legacy is either unconnected or has no load
INFO: [Synth 8-7129] Port b[18] in module c_addsub_v12_0_21_lut6_legacy is either unconnected or has no load
INFO: [Synth 8-7129] Port b[17] in module c_addsub_v12_0_21_lut6_legacy is either unconnected or has no load
INFO: [Synth 8-7129] Port b[16] in module c_addsub_v12_0_21_lut6_legacy is either unconnected or has no load
INFO: [Synth 8-7129] Port b[15] in module c_addsub_v12_0_21_lut6_legacy is either unconnected or has no load
INFO: [Synth 8-7129] Port b[14] in module c_addsub_v12_0_21_lut6_legacy is either unconnected or has no load
INFO: [Synth 8-7129] Port b[13] in module c_addsub_v12_0_21_lut6_legacy is either unconnected or has no load
INFO: [Synth 8-7129] Port b[12] in module c_addsub_v12_0_21_lut6_legacy is either unconnected or has no load
INFO: [Synth 8-7129] Port b[11] in module c_addsub_v12_0_21_lut6_legacy is either unconnected or has no load
INFO: [Synth 8-7129] Port b[10] in module c_addsub_v12_0_21_lut6_legacy is either unconnected or has no load
INFO: [Synth 8-7129] Port b[9] in module c_addsub_v12_0_21_lut6_legacy is either unconnected or has no load
INFO: [Synth 8-7129] Port b[8] in module c_addsub_v12_0_21_lut6_legacy is either unconnected or has no load
INFO: [Synth 8-7129] Port b[7] in module c_addsub_v12_0_21_lut6_legacy is either unconnected or has no load
INFO: [Synth 8-7129] Port b[6] in module c_addsub_v12_0_21_lut6_legacy is either unconnected or has no load
INFO: [Synth 8-7129] Port b[5] in module c_addsub_v12_0_21_lut6_legacy is either unconnected or has no load
INFO: [Synth 8-7129] Port b[4] in module c_addsub_v12_0_21_lut6_legacy is either unconnected or has no load
INFO: [Synth 8-7129] Port b[3] in module c_addsub_v12_0_21_lut6_legacy is either unconnected or has no load
INFO: [Synth 8-7129] Port b[2] in module c_addsub_v12_0_21_lut6_legacy is either unconnected or has no load
INFO: [Synth 8-7129] Port b[1] in module c_addsub_v12_0_21_lut6_legacy is either unconnected or has no load
INFO: [Synth 8-7129] Port b[0] in module c_addsub_v12_0_21_lut6_legacy is either unconnected or has no load
INFO: [Synth 8-7129] Port add in module c_addsub_v12_0_21_lut6_legacy is either unconnected or has no load
INFO: [Synth 8-7129] Port c_in in module c_addsub_v12_0_21_lut6_legacy is either unconnected or has no load
INFO: [Synth 8-7129] Port ce in module c_addsub_v12_0_21_lut6_legacy is either unconnected or has no load
INFO: [Synth 8-7129] Port bypass in module c_addsub_v12_0_21_lut6_legacy is either unconnected or has no load
INFO: [Synth 8-7129] Port sset in module c_addsub_v12_0_21_lut6_legacy is either unconnected or has no load
INFO: [Synth 8-7129] Port sinit in module c_addsub_v12_0_21_lut6_legacy is either unconnected or has no load
INFO: [Synth 8-7129] Port c_in in module c_addsub_v12_0_21_legacy is either unconnected or has no load
INFO: [Synth 8-7129] Port b_in in module c_addsub_v12_0_21_legacy is either unconnected or has no load
INFO: [Synth 8-7129] Port a_signed in module c_addsub_v12_0_21_legacy is either unconnected or has no load
INFO: [Synth 8-7129] Port b_signed in module c_addsub_v12_0_21_legacy is either unconnected or has no load
INFO: [Synth 8-7129] Port up in module c_counter_binary_v12_0_22_legacy is either unconnected or has no load
INFO: [Synth 8-7129] Port ce in module c_counter_binary_v12_0_22_legacy is either unconnected or has no load
INFO: [Synth 8-7129] Port load in module c_counter_binary_v12_0_22_legacy is either unconnected or has no load
INFO: [Synth 8-7129] Port l[23] in module c_counter_binary_v12_0_22_legacy is either unconnected or has no load
INFO: [Synth 8-7129] Port l[22] in module c_counter_binary_v12_0_22_legacy is either unconnected or has no load
INFO: [Synth 8-7129] Port l[21] in module c_counter_binary_v12_0_22_legacy is either unconnected or has no load
INFO: [Synth 8-7129] Port l[20] in module c_counter_binary_v12_0_22_legacy is either unconnected or has no load
INFO: [Synth 8-7129] Port l[19] in module c_counter_binary_v12_0_22_legacy is either unconnected or has no load
INFO: [Synth 8-7129] Port l[18] in module c_counter_binary_v12_0_22_legacy is either unconnected or has no load
INFO: [Synth 8-7129] Port l[17] in module c_counter_binary_v12_0_22_legacy is either unconnected or has no load
INFO: [Synth 8-7129] Port l[16] in module c_counter_binary_v12_0_22_legacy is either unconnected or has no load
INFO: [Synth 8-7129] Port l[15] in module c_counter_binary_v12_0_22_legacy is either unconnected or has no load
INFO: [Synth 8-7129] Port l[14] in module c_counter_binary_v12_0_22_legacy is either unconnected or has no load
INFO: [Synth 8-7129] Port l[13] in module c_counter_binary_v12_0_22_legacy is either unconnected or has no load
INFO: [Synth 8-7129] Port l[12] in module c_counter_binary_v12_0_22_legacy is either unconnected or has no load
INFO: [Synth 8-7129] Port l[11] in module c_counter_binary_v12_0_22_legacy is either unconnected or has no load
INFO: [Synth 8-7129] Port l[10] in module c_counter_binary_v12_0_22_legacy is either unconnected or has no load
INFO: [Synth 8-7129] Port l[9] in module c_counter_binary_v12_0_22_legacy is either unconnected or has no load
INFO: [Synth 8-7129] Port l[8] in module c_counter_binary_v12_0_22_legacy is either unconnected or has no load
INFO: [Synth 8-7129] Port l[7] in module c_counter_binary_v12_0_22_legacy is either unconnected or has no load
INFO: [Synth 8-7129] Port l[6] in module c_counter_binary_v12_0_22_legacy is either unconnected or has no load
INFO: [Synth 8-7129] Port l[5] in module c_counter_binary_v12_0_22_legacy is either unconnected or has no load
INFO: [Synth 8-7129] Port l[4] in module c_counter_binary_v12_0_22_legacy is either unconnected or has no load
INFO: [Synth 8-7129] Port l[3] in module c_counter_binary_v12_0_22_legacy is either unconnected or has no load
INFO: [Synth 8-7129] Port l[2] in module c_counter_binary_v12_0_22_legacy is either unconnected or has no load
INFO: [Synth 8-7129] Port l[1] in module c_counter_binary_v12_0_22_legacy is either unconnected or has no load
INFO: [Synth 8-7129] Port l[0] in module c_counter_binary_v12_0_22_legacy is either unconnected or has no load
INFO: [Synth 8-7129] Port iv[23] in module c_counter_binary_v12_0_22_legacy is either unconnected or has no load
INFO: [Synth 8-7129] Port iv[22] in module c_counter_binary_v12_0_22_legacy is either unconnected or has no load
INFO: [Synth 8-7129] Port iv[21] in module c_counter_binary_v12_0_22_legacy is either unconnected or has no load
INFO: [Synth 8-7129] Port iv[20] in module c_counter_binary_v12_0_22_legacy is either unconnected or has no load
INFO: [Synth 8-7129] Port iv[19] in module c_counter_binary_v12_0_22_legacy is either unconnected or has no load
INFO: [Synth 8-7129] Port iv[18] in module c_counter_binary_v12_0_22_legacy is either unconnected or has no load
INFO: [Synth 8-7129] Port iv[17] in module c_counter_binary_v12_0_22_legacy is either unconnected or has no load
INFO: [Synth 8-7129] Port iv[16] in module c_counter_binary_v12_0_22_legacy is either unconnected or has no load
INFO: [Synth 8-7129] Port iv[15] in module c_counter_binary_v12_0_22_legacy is either unconnected or has no load
INFO: [Synth 8-7129] Port iv[14] in module c_counter_binary_v12_0_22_legacy is either unconnected or has no load
INFO: [Synth 8-7129] Port iv[13] in module c_counter_binary_v12_0_22_legacy is either unconnected or has no load
INFO: [Synth 8-7129] Port iv[12] in module c_counter_binary_v12_0_22_legacy is either unconnected or has no load
INFO: [Synth 8-7129] Port iv[11] in module c_counter_binary_v12_0_22_legacy is either unconnected or has no load
INFO: [Synth 8-7129] Port iv[10] in module c_counter_binary_v12_0_22_legacy is either unconnected or has no load
INFO: [Synth 8-7129] Port iv[9] in module c_counter_binary_v12_0_22_legacy is either unconnected or has no load
INFO: [Synth 8-7129] Port iv[8] in module c_counter_binary_v12_0_22_legacy is either unconnected or has no load
INFO: [Synth 8-7129] Port iv[7] in module c_counter_binary_v12_0_22_legacy is either unconnected or has no load
INFO: [Synth 8-7129] Port iv[6] in module c_counter_binary_v12_0_22_legacy is either unconnected or has no load
INFO: [Synth 8-7129] Port iv[5] in module c_counter_binary_v12_0_22_legacy is either unconnected or has no load
INFO: [Synth 8-7129] Port iv[4] in module c_counter_binary_v12_0_22_legacy is either unconnected or has no load
INFO: [Synth 8-7129] Port iv[3] in module c_counter_binary_v12_0_22_legacy is either unconnected or has no load
INFO: [Synth 8-7129] Port iv[2] in module c_counter_binary_v12_0_22_legacy is either unconnected or has no load
INFO: [Synth 8-7129] Port iv[1] in module c_counter_binary_v12_0_22_legacy is either unconnected or has no load
INFO: [Synth 8-7129] Port iv[0] in module c_counter_binary_v12_0_22_legacy is either unconnected or has no load
INFO: [Synth 8-7129] Port sset in module c_counter_binary_v12_0_22_legacy is either unconnected or has no load
INFO: [Synth 8-7129] Port sinit in module c_counter_binary_v12_0_22_legacy is either unconnected or has no load
---------------------------------------------------------------------------------
Finished RTL Elaboration : Time (s): cpu = 00:00:08 ; elapsed = 00:00:10 . Memory (MB): peak = 2316.441 ; gain = 589.812 ; free physical = 255 ; free virtual = 7117
---------------------------------------------------------------------------------
---------------------------------------------------------------------------------
Start Handling Custom Attributes
---------------------------------------------------------------------------------
---------------------------------------------------------------------------------
Finished Handling Custom Attributes : Time (s): cpu = 00:00:08 ; elapsed = 00:00:10 . Memory (MB): peak = 2331.285 ; gain = 604.656 ; free physical = 253 ; free virtual = 7116
---------------------------------------------------------------------------------
---------------------------------------------------------------------------------
Finished RTL Optimization Phase 1 : Time (s): cpu = 00:00:08 ; elapsed = 00:00:10 . Memory (MB): peak = 2331.285 ; gain = 604.656 ; free physical = 253 ; free virtual = 7116
---------------------------------------------------------------------------------
Netlist sorting complete. Time (s): cpu = 00:00:00 ; elapsed = 00:00:00 . Memory (MB): peak = 2337.223 ; gain = 0.000 ; free physical = 247 ; free virtual = 7111
INFO: [Netlist 29-17] Analyzing 47 Unisim elements for replacement
INFO: [Netlist 29-28] Unisim Transformation completed in 0 CPU seconds
INFO: [Project 1-570] Preparing netlist for logic optimization

Processing XDC Constraints
Initializing timing engine
Parsing XDC File [/run/media/sackb/Windows-SSD/Users/sackb/OneDrive/Desktop/University/Course_Work/2025-2026/Spring_2026/ECE_540/ece540sp26-Final_Project/Hardware/Hardware.gen/sources_1/ip/axi_ethernet_0/bd_0/ip/ip_3/bd_5d9f_0_c_counter_binary_0_0_ooc.xdc] for cell 'U0'
Finished Parsing XDC File [/run/media/sackb/Windows-SSD/Users/sackb/OneDrive/Desktop/University/Course_Work/2025-2026/Spring_2026/ECE_540/ece540sp26-Final_Project/Hardware/Hardware.gen/sources_1/ip/axi_ethernet_0/bd_0/ip/ip_3/bd_5d9f_0_c_counter_binary_0_0_ooc.xdc] for cell 'U0'
Parsing XDC File [/run/media/sackb/Windows-SSD/Users/sackb/OneDrive/Desktop/University/Course_Work/2025-2026/Spring_2026/ECE_540/ece540sp26-Final_Project/Hardware/Hardware.runs/bd_5d9f_0_c_counter_binary_0_0_synth_1/dont_touch.xdc]
Finished Parsing XDC File [/run/media/sackb/Windows-SSD/Users/sackb/OneDrive/Desktop/University/Course_Work/2025-2026/Spring_2026/ECE_540/ece540sp26-Final_Project/Hardware/Hardware.runs/bd_5d9f_0_c_counter_binary_0_0_synth_1/dont_touch.xdc]
Completed Processing XDC Constraints

Netlist sorting complete. Time (s): cpu = 00:00:00 ; elapsed = 00:00:00 . Memory (MB): peak = 2390.117 ; gain = 0.000 ; free physical = 276 ; free virtual = 7036
INFO: [Project 1-111] Unisim Transformation Summary:
No Unisim elements were transformed.

Constraint Validation Runtime : Time (s): cpu = 00:00:00.01 ; elapsed = 00:00:00.01 . Memory (MB): peak = 2390.152 ; gain = 0.000 ; free physical = 275 ; free virtual = 7035
INFO: [Designutils 20-5008] Incremental synthesis strategy off
---------------------------------------------------------------------------------
Finished Constraint Validation : Time (s): cpu = 00:00:14 ; elapsed = 00:00:16 . Memory (MB): peak = 2390.152 ; gain = 663.523 ; free physical = 202 ; free virtual = 7014
---------------------------------------------------------------------------------
---------------------------------------------------------------------------------
Start Loading Part and Timing Information
---------------------------------------------------------------------------------
Loading part: xc7a100tcsg324-1
---------------------------------------------------------------------------------
Finished Loading Part and Timing Information : Time (s): cpu = 00:00:14 ; elapsed = 00:00:16 . Memory (MB): peak = 2398.121 ; gain = 671.492 ; free physical = 202 ; free virtual = 7014
---------------------------------------------------------------------------------
---------------------------------------------------------------------------------
Start Applying 'set_property' XDC Constraints
---------------------------------------------------------------------------------
---------------------------------------------------------------------------------
Finished applying 'set_property' XDC Constraints : Time (s): cpu = 00:00:14 ; elapsed = 00:00:16 . Memory (MB): peak = 2398.121 ; gain = 671.492 ; free physical = 202 ; free virtual = 7014
---------------------------------------------------------------------------------
---------------------------------------------------------------------------------
Finished RTL Optimization Phase 2 : Time (s): cpu = 00:00:15 ; elapsed = 00:00:17 . Memory (MB): peak = 2398.121 ; gain = 671.492 ; free physical = 206 ; free virtual = 7013
---------------------------------------------------------------------------------
---------------------------------------------------------------------------------
Start RTL Component Statistics 
---------------------------------------------------------------------------------
---------------------------------------------------------------------------------
Finished RTL Component Statistics 
---------------------------------------------------------------------------------
---------------------------------------------------------------------------------
Start Part Resource Summary
---------------------------------------------------------------------------------
Part Resources:
DSPs: 240 (col length:80)
BRAMs: 270 (col length: RAMB18 80 RAMB36 40)
---------------------------------------------------------------------------------
Finished Part Resource Summary
---------------------------------------------------------------------------------
---------------------------------------------------------------------------------
Start Cross Boundary and Area Optimization
---------------------------------------------------------------------------------
INFO: [Synth 8-7129] Port CE in module c_counter_binary_v12_0_22_viv is either unconnected or has no load
INFO: [Synth 8-7129] Port SSET in module c_counter_binary_v12_0_22_viv is either unconnected or has no load
INFO: [Synth 8-7129] Port SINIT in module c_counter_binary_v12_0_22_viv is either unconnected or has no load
INFO: [Synth 8-7129] Port UP in module c_counter_binary_v12_0_22_viv is either unconnected or has no load
INFO: [Synth 8-7129] Port LOAD in module c_counter_binary_v12_0_22_viv is either unconnected or has no load
INFO: [Synth 8-7129] Port L[23] in module c_counter_binary_v12_0_22_viv is either unconnected or has no load
INFO: [Synth 8-7129] Port L[22] in module c_counter_binary_v12_0_22_viv is either unconnected or has no load
INFO: [Common 17-14] Message 'Synth 8-7129' appears 100 times and further instances of the messages will be disabled. Use the Tcl command set_msg_config to change the current settings.
---------------------------------------------------------------------------------
Finished Cross Boundary and Area Optimization : Time (s): cpu = 00:00:16 ; elapsed = 00:00:18 . Memory (MB): peak = 2398.121 ; gain = 671.492 ; free physical = 232 ; free virtual = 6916
---------------------------------------------------------------------------------
---------------------------------------------------------------------------------
Start Applying XDC Timing Constraints
---------------------------------------------------------------------------------
---------------------------------------------------------------------------------
Finished Applying XDC Timing Constraints : Time (s): cpu = 00:00:20 ; elapsed = 00:00:22 . Memory (MB): peak = 2477.121 ; gain = 750.492 ; free physical = 1583 ; free virtual = 8136
---------------------------------------------------------------------------------
---------------------------------------------------------------------------------
Start Timing Optimization
---------------------------------------------------------------------------------
---------------------------------------------------------------------------------
Finished Timing Optimization : Time (s): cpu = 00:00:20 ; elapsed = 00:00:22 . Memory (MB): peak = 2496.152 ; gain = 769.523 ; free physical = 1567 ; free virtual = 8120
---------------------------------------------------------------------------------
---------------------------------------------------------------------------------
Start Technology Mapping
---------------------------------------------------------------------------------
---------------------------------------------------------------------------------
Finished Technology Mapping : Time (s): cpu = 00:00:20 ; elapsed = 00:00:23 . Memory (MB): peak = 2497.160 ; gain = 770.531 ; free physical = 1562 ; free virtual = 8115
---------------------------------------------------------------------------------
---------------------------------------------------------------------------------
Start IO Insertion
---------------------------------------------------------------------------------
---------------------------------------------------------------------------------
Start Flattening Before IO Insertion
---------------------------------------------------------------------------------
---------------------------------------------------------------------------------
Finished Flattening Before IO Insertion
---------------------------------------------------------------------------------
---------------------------------------------------------------------------------
Start Final Netlist Cleanup
---------------------------------------------------------------------------------
---------------------------------------------------------------------------------
Finished Final Netlist Cleanup
---------------------------------------------------------------------------------
---------------------------------------------------------------------------------
Finished IO Insertion : Time (s): cpu = 00:00:24 ; elapsed = 00:00:26 . Memory (MB): peak = 2673.973 ; gain = 947.344 ; free physical = 1306 ; free virtual = 7923
---------------------------------------------------------------------------------
---------------------------------------------------------------------------------
Start Renaming Generated Instances
---------------------------------------------------------------------------------
---------------------------------------------------------------------------------
Finished Renaming Generated Instances : Time (s): cpu = 00:00:24 ; elapsed = 00:00:26 . Memory (MB): peak = 2673.973 ; gain = 947.344 ; free physical = 1304 ; free virtual = 7921
---------------------------------------------------------------------------------
---------------------------------------------------------------------------------
Start Rebuilding User Hierarchy
---------------------------------------------------------------------------------
---------------------------------------------------------------------------------
Finished Rebuilding User Hierarchy : Time (s): cpu = 00:00:24 ; elapsed = 00:00:26 . Memory (MB): peak = 2673.973 ; gain = 947.344 ; free physical = 1300 ; free virtual = 7917
---------------------------------------------------------------------------------
---------------------------------------------------------------------------------
Start Renaming Generated Ports
---------------------------------------------------------------------------------
---------------------------------------------------------------------------------
Finished Renaming Generated Ports : Time (s): cpu = 00:00:24 ; elapsed = 00:00:26 . Memory (MB): peak = 2673.973 ; gain = 947.344 ; free physical = 1300 ; free virtual = 7917
---------------------------------------------------------------------------------
---------------------------------------------------------------------------------
Start Handling Custom Attributes
---------------------------------------------------------------------------------
---------------------------------------------------------------------------------
Finished Handling Custom Attributes : Time (s): cpu = 00:00:24 ; elapsed = 00:00:26 . Memory (MB): peak = 2673.973 ; gain = 947.344 ; free physical = 1300 ; free virtual = 7917
---------------------------------------------------------------------------------
---------------------------------------------------------------------------------
Start Renaming Generated Nets
---------------------------------------------------------------------------------
---------------------------------------------------------------------------------
Finished Renaming Generated Nets : Time (s): cpu = 00:00:24 ; elapsed = 00:00:26 . Memory (MB): peak = 2673.973 ; gain = 947.344 ; free physical = 1292 ; free virtual = 7909
---------------------------------------------------------------------------------
---------------------------------------------------------------------------------
Start Writing Synthesis Report
---------------------------------------------------------------------------------

Report BlackBoxes: 
+-+--------------+----------+
| |BlackBox name |Instances |
+-+--------------+----------+
+-+--------------+----------+

Report Cell Usage: 
+------+------+------+
|      |Cell  |Count |
+------+------+------+
|1     |LUT1  |     1|
|2     |LUT3  |     1|
|3     |LUT5  |     1|
|4     |LUT6  |     4|
|5     |MUXCY |    23|
|6     |XORCY |    24|
|7     |FDRE  |    25|
+------+------+------+
---------------------------------------------------------------------------------
Finished Writing Synthesis Report : Time (s): cpu = 00:00:24 ; elapsed = 00:00:26 . Memory (MB): peak = 2673.973 ; gain = 947.344 ; free physical = 1292 ; free virtual = 7909
---------------------------------------------------------------------------------
Synthesis finished with 0 errors, 0 critical warnings and 0 warnings.
Synthesis Optimization Runtime : Time (s): cpu = 00:00:22 ; elapsed = 00:00:24 . Memory (MB): peak = 2673.973 ; gain = 888.477 ; free physical = 1285 ; free virtual = 7908
Synthesis Optimization Complete : Time (s): cpu = 00:00:24 ; elapsed = 00:00:26 . Memory (MB): peak = 2673.980 ; gain = 947.344 ; free physical = 1284 ; free virtual = 7908
INFO: [Project 1-571] Translating synthesized netlist
Netlist sorting complete. Time (s): cpu = 00:00:00 ; elapsed = 00:00:00 . Memory (MB): peak = 2673.980 ; gain = 0.000 ; free physical = 1283 ; free virtual = 7907
INFO: [Netlist 29-17] Analyzing 47 Unisim elements for replacement
INFO: [Netlist 29-28] Unisim Transformation completed in 0 CPU seconds
INFO: [Project 1-570] Preparing netlist for logic optimization
INFO: [Opt 31-138] Pushed 0 inverter(s) to 0 load pin(s).
Netlist sorting complete. Time (s): cpu = 00:00:00 ; elapsed = 00:00:00 . Memory (MB): peak = 2673.980 ; gain = 0.000 ; free physical = 1446 ; free virtual = 8076
INFO: [Project 1-111] Unisim Transformation Summary:
  A total of 6 instances were transformed.
  (MUXCY,XORCY) => CARRY4: 6 instances

Synth Design complete | Checksum: 21a9b91c
INFO: [Common 17-83] Releasing license: Synthesis
121 Infos, 0 Warnings, 0 Critical Warnings and 0 Errors encountered.
synth_design completed successfully
synth_design: Time (s): cpu = 00:00:30 ; elapsed = 00:00:29 . Memory (MB): peak = 2674.008 ; gain = 1116.434 ; free physical = 1437 ; free virtual = 8067
INFO: [Common 17-2834] synth_design peak Physical Memory [PSS] (MB): overall = 1520.932; main = 1520.932; forked = 201.825
INFO: [Common 17-2834] synth_design peak Virtual Memory [VSS] (MB): overall = 3387.184; main = 2673.977; forked = 989.059
Write ShapeDB Complete: Time (s): cpu = 00:00:00 ; elapsed = 00:00:00 . Memory (MB): peak = 2697.984 ; gain = 0.000 ; free physical = 1439 ; free virtual = 8069
INFO: [Common 17-1381] The checkpoint '/run/media/sackb/Windows-SSD/Users/sackb/OneDrive/Desktop/University/Course_Work/2025-2026/Spring_2026/ECE_540/ece540sp26-Final_Project/Hardware/Hardware.runs/bd_5d9f_0_c_counter_binary_0_0_synth_1/bd_5d9f_0_c_counter_binary_0_0.dcp' has been generated.
INFO: [Coretcl 2-1648] Added synthesis output to IP cache for IP bd_5d9f_0_c_counter_binary_0_0, cache-ID = 65412dd4ec419975
INFO: [Coretcl 2-1174] Renamed 7 cell refs.
Write ShapeDB Complete: Time (s): cpu = 00:00:00 ; elapsed = 00:00:00 . Memory (MB): peak = 2697.984 ; gain = 0.000 ; free physical = 1418 ; free virtual = 8078
INFO: [Common 17-1381] The checkpoint '/run/media/sackb/Windows-SSD/Users/sackb/OneDrive/Desktop/University/Course_Work/2025-2026/Spring_2026/ECE_540/ece540sp26-Final_Project/Hardware/Hardware.runs/bd_5d9f_0_c_counter_binary_0_0_synth_1/bd_5d9f_0_c_counter_binary_0_0.dcp' has been generated.
INFO: [Vivado 12-24828] Executing command : report_utilization -file bd_5d9f_0_c_counter_binary_0_0_utilization_synth.rpt -pb bd_5d9f_0_c_counter_binary_0_0_utilization_synth.pb
INFO: [Common 17-206] Exiting Vivado at Mon Jun  1 22:29:03 2026...
