Copyright 1986-2022 Xilinx, Inc. All Rights Reserved. Copyright 2022-2025 Advanced Micro Devices, Inc. All Rights Reserved.
---------------------------------------------------------------------------------------------------------------------------------------------
| Tool Version : Vivado v.2025.2 (lin64) Build 6299465 Fri Nov 14 12:34:56 MST 2025
| Date         : Thu May 28 14:37:02 2026
| Host         : archlinux running 64-bit unknown
| Command      : report_drc -file rvfpganexys_drc_routed.rpt -pb rvfpganexys_drc_routed.pb -rpx rvfpganexys_drc_routed.rpx
| Design       : rvfpganexys
| Device       : xc7a100tcsg324-1
| Speed File   : -1
| Design State : Fully Routed
---------------------------------------------------------------------------------------------------------------------------------------------

Report DRC

Table of Contents
-----------------
1. REPORT SUMMARY
2. REPORT DETAILS

1. REPORT SUMMARY
-----------------
            Netlist: netlist
          Floorplan: design_1
      Design limits: <entire design considered>
           Ruledeck: default
             Max checks: <unlimited>
             Checks found: 70
+-----------+----------+-----------------------------------------------------+--------+
| Rule      | Severity | Description                                         | Checks |
+-----------+----------+-----------------------------------------------------+--------+
| BUFC-1    | Warning  | Input Buffer Connections                            | 2      |
| CFGBVS-1  | Warning  | Missing CFGBVS and CONFIG_VOLTAGE Design Properties | 1      |
| CHECK-3   | Warning  | Report rule limit reached                           | 2      |
| DPIP-1    | Warning  | Input pipelining                                    | 9      |
| DPOP-1    | Warning  | PREG Output pipelining                              | 6      |
| DPOP-2    | Warning  | MREG Output pipelining                              | 6      |
| PDCN-1569 | Warning  | LUT equation term check                             | 2      |
| PDRC-153  | Warning  | Gated clock check                                   | 2      |
| REQP-1839 | Warning  | RAMB36 async control check                          | 20     |
| REQP-1840 | Warning  | RAMB18 async control check                          | 20     |
+-----------+----------+-----------------------------------------------------+--------+

2. REPORT DETAILS
-----------------
BUFC-1#1 Warning
Input Buffer Connections  
Input buffer ddr2/ldc/IOBUFDS/IBUFDS (in ddr2/ldc/IOBUFDS macro) has no loads. It is recommended to have an input buffer drive an internal load.
Related violations: <none>

BUFC-1#2 Warning
Input Buffer Connections  
Input buffer ddr2/ldc/IOBUFDS_1/IBUFDS (in ddr2/ldc/IOBUFDS_1 macro) has no loads. It is recommended to have an input buffer drive an internal load.
Related violations: <none>

CFGBVS-1#1 Warning
Missing CFGBVS and CONFIG_VOLTAGE Design Properties  
Neither the CFGBVS nor CONFIG_VOLTAGE voltage property is set in the current_design.  Configuration bank voltage select (CFGBVS) must be set to VCCO or GND, and CONFIG_VOLTAGE must be set to the correct configuration voltage, in order to determine the I/O voltage support for the pins in bank 0.  It is suggested to specify these either using the 'Edit Device Properties' function in the GUI or directly in the XDC file using the following syntax:

 set_property CFGBVS value1 [current_design]
 #where value1 is either VCCO or GND

 set_property CONFIG_VOLTAGE value2 [current_design]
 #where value2 is the voltage provided to configuration bank 0

Refer to the device configuration user guide for more information.
Related violations: <none>

CHECK-3#1 Warning
Report rule limit reached  
REQP-1839 rule limit reached: 20 violations have been found.
Related violations: <none>

CHECK-3#2 Warning
Report rule limit reached  
REQP-1840 rule limit reached: 20 violations have been found.
Related violations: <none>

DPIP-1#1 Warning
Input pipelining  
DSP swervolf/myVga/myBuff/writeAddr input swervolf/myVga/myBuff/writeAddr/A[29:0] is not pipelined. Pipelining DSP48 input will improve performance.
Related violations: <none>

DPIP-1#2 Warning
Input pipelining  
DSP swervolf/myVga/myBuff/writeAddr input swervolf/myVga/myBuff/writeAddr/C[47:0] is not pipelined. Pipelining DSP48 input will improve performance.
Related violations: <none>

DPIP-1#3 Warning
Input pipelining  
DSP swervolf/rvtop/veer/exu/i_mul/prod_x0 input swervolf/rvtop/veer/exu/i_mul/prod_x0/A[29:0] is not pipelined. Pipelining DSP48 input will improve performance.
Related violations: <none>

DPIP-1#4 Warning
Input pipelining  
DSP swervolf/rvtop/veer/exu/i_mul/prod_x0 input swervolf/rvtop/veer/exu/i_mul/prod_x0/B[17:0] is not pipelined. Pipelining DSP48 input will improve performance.
Related violations: <none>

DPIP-1#5 Warning
Input pipelining  
DSP swervolf/rvtop/veer/exu/i_mul/prod_x0__0 input swervolf/rvtop/veer/exu/i_mul/prod_x0__0/A[29:0] is not pipelined. Pipelining DSP48 input will improve performance.
Related violations: <none>

DPIP-1#6 Warning
Input pipelining  
DSP swervolf/rvtop/veer/exu/i_mul/prod_x0__0 input swervolf/rvtop/veer/exu/i_mul/prod_x0__0/B[17:0] is not pipelined. Pipelining DSP48 input will improve performance.
Related violations: <none>

DPIP-1#7 Warning
Input pipelining  
DSP swervolf/rvtop/veer/exu/i_mul/prod_x0__1 input swervolf/rvtop/veer/exu/i_mul/prod_x0__1/A[29:0] is not pipelined. Pipelining DSP48 input will improve performance.
Related violations: <none>

DPIP-1#8 Warning
Input pipelining  
DSP swervolf/rvtop/veer/exu/i_mul/prod_x0__1 input swervolf/rvtop/veer/exu/i_mul/prod_x0__1/B[17:0] is not pipelined. Pipelining DSP48 input will improve performance.
Related violations: <none>

DPIP-1#9 Warning
Input pipelining  
DSP swervolf/rvtop/veer/exu/i_mul/prod_x0__2 input swervolf/rvtop/veer/exu/i_mul/prod_x0__2/B[17:0] is not pipelined. Pipelining DSP48 input will improve performance.
Related violations: <none>

DPOP-1#1 Warning
PREG Output pipelining  
DSP swervolf/myVga/myBuff/readAddr output swervolf/myVga/myBuff/readAddr/P[47:0] is not pipelined (PREG=0). Pipelining the DSP48 output will improve performance and often saves power so it is suggested whenever possible to fully pipeline this function.  If this DSP48 function was inferred, it is suggested to describe an additional register stage after this function.  If the DSP48 was instantiated in the design, it is suggested to set the PREG attribute to 1.
Related violations: <none>

DPOP-1#2 Warning
PREG Output pipelining  
DSP swervolf/myVga/myBuff/writeAddr output swervolf/myVga/myBuff/writeAddr/P[47:0] is not pipelined (PREG=0). Pipelining the DSP48 output will improve performance and often saves power so it is suggested whenever possible to fully pipeline this function.  If this DSP48 function was inferred, it is suggested to describe an additional register stage after this function.  If the DSP48 was instantiated in the design, it is suggested to set the PREG attribute to 1.
Related violations: <none>

DPOP-1#3 Warning
PREG Output pipelining  
DSP swervolf/rvtop/veer/exu/i_mul/prod_x0 output swervolf/rvtop/veer/exu/i_mul/prod_x0/P[47:0] is not pipelined (PREG=0). Pipelining the DSP48 output will improve performance and often saves power so it is suggested whenever possible to fully pipeline this function.  If this DSP48 function was inferred, it is suggested to describe an additional register stage after this function.  If the DSP48 was instantiated in the design, it is suggested to set the PREG attribute to 1.
Related violations: <none>

DPOP-1#4 Warning
PREG Output pipelining  
DSP swervolf/rvtop/veer/exu/i_mul/prod_x0__0 output swervolf/rvtop/veer/exu/i_mul/prod_x0__0/P[47:0] is not pipelined (PREG=0). Pipelining the DSP48 output will improve performance and often saves power so it is suggested whenever possible to fully pipeline this function.  If this DSP48 function was inferred, it is suggested to describe an additional register stage after this function.  If the DSP48 was instantiated in the design, it is suggested to set the PREG attribute to 1.
Related violations: <none>

DPOP-1#5 Warning
PREG Output pipelining  
DSP swervolf/rvtop/veer/exu/i_mul/prod_x0__1 output swervolf/rvtop/veer/exu/i_mul/prod_x0__1/P[47:0] is not pipelined (PREG=0). Pipelining the DSP48 output will improve performance and often saves power so it is suggested whenever possible to fully pipeline this function.  If this DSP48 function was inferred, it is suggested to describe an additional register stage after this function.  If the DSP48 was instantiated in the design, it is suggested to set the PREG attribute to 1.
Related violations: <none>

DPOP-1#6 Warning
PREG Output pipelining  
DSP swervolf/rvtop/veer/exu/i_mul/prod_x0__2 output swervolf/rvtop/veer/exu/i_mul/prod_x0__2/P[47:0] is not pipelined (PREG=0). Pipelining the DSP48 output will improve performance and often saves power so it is suggested whenever possible to fully pipeline this function.  If this DSP48 function was inferred, it is suggested to describe an additional register stage after this function.  If the DSP48 was instantiated in the design, it is suggested to set the PREG attribute to 1.
Related violations: <none>

DPOP-2#1 Warning
MREG Output pipelining  
DSP swervolf/myVga/myBuff/readAddr multiplier stage swervolf/myVga/myBuff/readAddr/P[47:0] is not pipelined (MREG=0). Pipelining the multiplier function will improve performance and will save significant power so it is suggested whenever possible to fully pipeline this function.  If this multiplier was inferred, it is suggested to describe an additional register stage after this function.  If there is no registered adder/accumulator following the multiply function, two pipeline stages are suggested to allow both the MREG and PREG registers to be used.  If the DSP48 was instantiated in the design, it is suggested to set both the MREG and PREG attributes to 1 when performing multiply functions.
Related violations: <none>

DPOP-2#2 Warning
MREG Output pipelining  
DSP swervolf/myVga/myBuff/writeAddr multiplier stage swervolf/myVga/myBuff/writeAddr/P[47:0] is not pipelined (MREG=0). Pipelining the multiplier function will improve performance and will save significant power so it is suggested whenever possible to fully pipeline this function.  If this multiplier was inferred, it is suggested to describe an additional register stage after this function.  If there is no registered adder/accumulator following the multiply function, two pipeline stages are suggested to allow both the MREG and PREG registers to be used.  If the DSP48 was instantiated in the design, it is suggested to set both the MREG and PREG attributes to 1 when performing multiply functions.
Related violations: <none>

DPOP-2#3 Warning
MREG Output pipelining  
DSP swervolf/rvtop/veer/exu/i_mul/prod_x0 multiplier stage swervolf/rvtop/veer/exu/i_mul/prod_x0/P[47:0] is not pipelined (MREG=0). Pipelining the multiplier function will improve performance and will save significant power so it is suggested whenever possible to fully pipeline this function.  If this multiplier was inferred, it is suggested to describe an additional register stage after this function.  If there is no registered adder/accumulator following the multiply function, two pipeline stages are suggested to allow both the MREG and PREG registers to be used.  If the DSP48 was instantiated in the design, it is suggested to set both the MREG and PREG attributes to 1 when performing multiply functions.
Related violations: <none>

DPOP-2#4 Warning
MREG Output pipelining  
DSP swervolf/rvtop/veer/exu/i_mul/prod_x0__0 multiplier stage swervolf/rvtop/veer/exu/i_mul/prod_x0__0/P[47:0] is not pipelined (MREG=0). Pipelining the multiplier function will improve performance and will save significant power so it is suggested whenever possible to fully pipeline this function.  If this multiplier was inferred, it is suggested to describe an additional register stage after this function.  If there is no registered adder/accumulator following the multiply function, two pipeline stages are suggested to allow both the MREG and PREG registers to be used.  If the DSP48 was instantiated in the design, it is suggested to set both the MREG and PREG attributes to 1 when performing multiply functions.
Related violations: <none>

DPOP-2#5 Warning
MREG Output pipelining  
DSP swervolf/rvtop/veer/exu/i_mul/prod_x0__1 multiplier stage swervolf/rvtop/veer/exu/i_mul/prod_x0__1/P[47:0] is not pipelined (MREG=0). Pipelining the multiplier function will improve performance and will save significant power so it is suggested whenever possible to fully pipeline this function.  If this multiplier was inferred, it is suggested to describe an additional register stage after this function.  If there is no registered adder/accumulator following the multiply function, two pipeline stages are suggested to allow both the MREG and PREG registers to be used.  If the DSP48 was instantiated in the design, it is suggested to set both the MREG and PREG attributes to 1 when performing multiply functions.
Related violations: <none>

DPOP-2#6 Warning
MREG Output pipelining  
DSP swervolf/rvtop/veer/exu/i_mul/prod_x0__2 multiplier stage swervolf/rvtop/veer/exu/i_mul/prod_x0__2/P[47:0] is not pipelined (MREG=0). Pipelining the multiplier function will improve performance and will save significant power so it is suggested whenever possible to fully pipeline this function.  If this multiplier was inferred, it is suggested to describe an additional register stage after this function.  If there is no registered adder/accumulator following the multiply function, two pipeline stages are suggested to allow both the MREG and PREG registers to be used.  If the DSP48 was instantiated in the design, it is suggested to set both the MREG and PREG attributes to 1 when performing multiply functions.
Related violations: <none>

PDCN-1569#1 Warning
LUT equation term check  
Used physical LUT pin 'A3' of cell tap/dmi[31]_i_1 (pin tap/dmi[31]_i_1/I1) is not included in the LUT equation: 'O6=(A6+~A6)*((A5*A4))'. If this cell is a user instantiated LUT in the design, please remove connectivity to the pin or change the equation and/or INIT string of the LUT to prevent this issue. If the cell is inferred or IP created LUT, please regenerate the IP and/or resynthesize the design to attempt to correct the issue.
Related violations: <none>

PDCN-1569#2 Warning
LUT equation term check  
Used physical LUT pin 'A6' of cell tap/dmi[6]_i_1 (pin tap/dmi[6]_i_1/I1) is not included in the LUT equation: 'O6=(A4*A2)'. If this cell is a user instantiated LUT in the design, please remove connectivity to the pin or change the equation and/or INIT string of the LUT to prevent this issue. If the cell is inferred or IP created LUT, please regenerate the IP and/or resynthesize the design to attempt to correct the issue.
Related violations: <none>

PDRC-153#1 Warning
Gated clock check  
Net swervolf/ledPwm/wishbone_agent/nextState[0] is a gated clock net sourced by a combinational pin swervolf/ledPwm/wishbone_agent/FSM_onehot_nextState_reg[2]_i_2/O, cell swervolf/ledPwm/wishbone_agent/FSM_onehot_nextState_reg[2]_i_2. This is not good design practice and will likely impact performance. For SLICE registers, for example, use the CE pin to control the loading of data.
Related violations: <none>

PDRC-153#2 Warning
Gated clock check  
Net swervolf/myVga/vgaAgent/nextState[0] is a gated clock net sourced by a combinational pin swervolf/myVga/vgaAgent/FSM_onehot_nextState_reg[2]_i_2__0/O, cell swervolf/myVga/vgaAgent/FSM_onehot_nextState_reg[2]_i_2__0. This is not good design practice and will likely impact performance. For SLICE registers, for example, use the CE pin to control the loading of data.
Related violations: <none>

REQP-1839#1 Warning
RAMB36 async control check  
The RAMB36E1 ddr2/ldc/storage_10_reg_0 has an input control pin ddr2/ldc/storage_10_reg_0/ENBWREN (net: ddr2/ldc/grant_reg_0) which is driven by a register (cdc/i_axi_cdc/i_cdc_fifo_gray_w/i_dst/i_spill_register/gen_spill_reg.a_full_q_reg) that has an active asychronous set or reset. This may cause corruption of the memory contents and/or read values when the set/reset is asserted and is not analyzed by the default static timing analysis. It is suggested to eliminate the use of a set/reset to registers driving this RAMB pin or else use a synchronous reset in which the assertion of the reset is timed by default.
Related violations: <none>

REQP-1839#2 Warning
RAMB36 async control check  
The RAMB36E1 ddr2/ldc/storage_10_reg_0 has an input control pin ddr2/ldc/storage_10_reg_0/ENBWREN (net: ddr2/ldc/grant_reg_0) which is driven by a register (cdc/i_axi_cdc/i_cdc_fifo_gray_w/i_dst/i_spill_register/gen_spill_reg.b_full_q_reg) that has an active asychronous set or reset. This may cause corruption of the memory contents and/or read values when the set/reset is asserted and is not analyzed by the default static timing analysis. It is suggested to eliminate the use of a set/reset to registers driving this RAMB pin or else use a synchronous reset in which the assertion of the reset is timed by default.
Related violations: <none>

REQP-1839#3 Warning
RAMB36 async control check  
The RAMB36E1 ddr2/ldc/storage_13_reg has an input control pin ddr2/ldc/storage_13_reg/ENARDEN (net: ddr2/ldc/read_r_buffer_syncfifo_re) which is driven by a register (cdc/i_axi_cdc/i_cdc_fifo_gray_r/i_src/gen_sync[0].i_sync/reg_q_reg[1]) that has an active asychronous set or reset. This may cause corruption of the memory contents and/or read values when the set/reset is asserted and is not analyzed by the default static timing analysis. It is suggested to eliminate the use of a set/reset to registers driving this RAMB pin or else use a synchronous reset in which the assertion of the reset is timed by default.
Related violations: <none>

REQP-1839#4 Warning
RAMB36 async control check  
The RAMB36E1 ddr2/ldc/storage_13_reg has an input control pin ddr2/ldc/storage_13_reg/ENARDEN (net: ddr2/ldc/read_r_buffer_syncfifo_re) which is driven by a register (cdc/i_axi_cdc/i_cdc_fifo_gray_r/i_src/gen_sync[1].i_sync/reg_q_reg[1]) that has an active asychronous set or reset. This may cause corruption of the memory contents and/or read values when the set/reset is asserted and is not analyzed by the default static timing analysis. It is suggested to eliminate the use of a set/reset to registers driving this RAMB pin or else use a synchronous reset in which the assertion of the reset is timed by default.
Related violations: <none>

REQP-1839#5 Warning
RAMB36 async control check  
The RAMB36E1 ddr2/ldc/storage_13_reg has an input control pin ddr2/ldc/storage_13_reg/ENARDEN (net: ddr2/ldc/read_r_buffer_syncfifo_re) which is driven by a register (cdc/i_axi_cdc/i_cdc_fifo_gray_r/i_src/wptr_q_reg[0]) that has an active asychronous set or reset. This may cause corruption of the memory contents and/or read values when the set/reset is asserted and is not analyzed by the default static timing analysis. It is suggested to eliminate the use of a set/reset to registers driving this RAMB pin or else use a synchronous reset in which the assertion of the reset is timed by default.
Related violations: <none>

REQP-1839#6 Warning
RAMB36 async control check  
The RAMB36E1 ddr2/ldc/storage_13_reg has an input control pin ddr2/ldc/storage_13_reg/ENARDEN (net: ddr2/ldc/read_r_buffer_syncfifo_re) which is driven by a register (cdc/i_axi_cdc/i_cdc_fifo_gray_r/i_src/wptr_q_reg[1]) that has an active asychronous set or reset. This may cause corruption of the memory contents and/or read values when the set/reset is asserted and is not analyzed by the default static timing analysis. It is suggested to eliminate the use of a set/reset to registers driving this RAMB pin or else use a synchronous reset in which the assertion of the reset is timed by default.
Related violations: <none>

REQP-1839#7 Warning
RAMB36 async control check  
The RAMB36E1 swervolf/myVga/myBuff/frameBuffer_reg_0_0 has an input control pin swervolf/myVga/myBuff/frameBuffer_reg_0_0/WEA[0] (net: swervolf/myVga/myBuff/WEA[0]) which is driven by a register (swervolf/myVga/vgaRegFile/registerFile_reg[0][1]) that has an active asychronous set or reset. This may cause corruption of the memory contents and/or read values when the set/reset is asserted and is not analyzed by the default static timing analysis. It is suggested to eliminate the use of a set/reset to registers driving this RAMB pin or else use a synchronous reset in which the assertion of the reset is timed by default.
Related violations: <none>

REQP-1839#8 Warning
RAMB36 async control check  
The RAMB36E1 swervolf/myVga/myBuff/frameBuffer_reg_0_0 has an input control pin swervolf/myVga/myBuff/frameBuffer_reg_0_0/WEA[1] (net: swervolf/myVga/myBuff/WEA[0]) which is driven by a register (swervolf/myVga/vgaRegFile/registerFile_reg[0][1]) that has an active asychronous set or reset. This may cause corruption of the memory contents and/or read values when the set/reset is asserted and is not analyzed by the default static timing analysis. It is suggested to eliminate the use of a set/reset to registers driving this RAMB pin or else use a synchronous reset in which the assertion of the reset is timed by default.
Related violations: <none>

REQP-1839#9 Warning
RAMB36 async control check  
The RAMB36E1 swervolf/myVga/myBuff/frameBuffer_reg_0_0 has an input control pin swervolf/myVga/myBuff/frameBuffer_reg_0_0/WEA[2] (net: swervolf/myVga/myBuff/WEA[0]) which is driven by a register (swervolf/myVga/vgaRegFile/registerFile_reg[0][1]) that has an active asychronous set or reset. This may cause corruption of the memory contents and/or read values when the set/reset is asserted and is not analyzed by the default static timing analysis. It is suggested to eliminate the use of a set/reset to registers driving this RAMB pin or else use a synchronous reset in which the assertion of the reset is timed by default.
Related violations: <none>

REQP-1839#10 Warning
RAMB36 async control check  
The RAMB36E1 swervolf/myVga/myBuff/frameBuffer_reg_0_0 has an input control pin swervolf/myVga/myBuff/frameBuffer_reg_0_0/WEA[3] (net: swervolf/myVga/myBuff/WEA[0]) which is driven by a register (swervolf/myVga/vgaRegFile/registerFile_reg[0][1]) that has an active asychronous set or reset. This may cause corruption of the memory contents and/or read values when the set/reset is asserted and is not analyzed by the default static timing analysis. It is suggested to eliminate the use of a set/reset to registers driving this RAMB pin or else use a synchronous reset in which the assertion of the reset is timed by default.
Related violations: <none>

REQP-1839#11 Warning
RAMB36 async control check  
The RAMB36E1 swervolf/myVga/myBuff/frameBuffer_reg_0_1 has an input control pin swervolf/myVga/myBuff/frameBuffer_reg_0_1/WEA[0] (net: swervolf/myVga/myBuff/WEA[0]) which is driven by a register (swervolf/myVga/vgaRegFile/registerFile_reg[0][1]) that has an active asychronous set or reset. This may cause corruption of the memory contents and/or read values when the set/reset is asserted and is not analyzed by the default static timing analysis. It is suggested to eliminate the use of a set/reset to registers driving this RAMB pin or else use a synchronous reset in which the assertion of the reset is timed by default.
Related violations: <none>

REQP-1839#12 Warning
RAMB36 async control check  
The RAMB36E1 swervolf/myVga/myBuff/frameBuffer_reg_0_1 has an input control pin swervolf/myVga/myBuff/frameBuffer_reg_0_1/WEA[1] (net: swervolf/myVga/myBuff/WEA[0]) which is driven by a register (swervolf/myVga/vgaRegFile/registerFile_reg[0][1]) that has an active asychronous set or reset. This may cause corruption of the memory contents and/or read values when the set/reset is asserted and is not analyzed by the default static timing analysis. It is suggested to eliminate the use of a set/reset to registers driving this RAMB pin or else use a synchronous reset in which the assertion of the reset is timed by default.
Related violations: <none>

REQP-1839#13 Warning
RAMB36 async control check  
The RAMB36E1 swervolf/myVga/myBuff/frameBuffer_reg_0_1 has an input control pin swervolf/myVga/myBuff/frameBuffer_reg_0_1/WEA[2] (net: swervolf/myVga/myBuff/WEA[0]) which is driven by a register (swervolf/myVga/vgaRegFile/registerFile_reg[0][1]) that has an active asychronous set or reset. This may cause corruption of the memory contents and/or read values when the set/reset is asserted and is not analyzed by the default static timing analysis. It is suggested to eliminate the use of a set/reset to registers driving this RAMB pin or else use a synchronous reset in which the assertion of the reset is timed by default.
Related violations: <none>

REQP-1839#14 Warning
RAMB36 async control check  
The RAMB36E1 swervolf/myVga/myBuff/frameBuffer_reg_0_1 has an input control pin swervolf/myVga/myBuff/frameBuffer_reg_0_1/WEA[3] (net: swervolf/myVga/myBuff/WEA[0]) which is driven by a register (swervolf/myVga/vgaRegFile/registerFile_reg[0][1]) that has an active asychronous set or reset. This may cause corruption of the memory contents and/or read values when the set/reset is asserted and is not analyzed by the default static timing analysis. It is suggested to eliminate the use of a set/reset to registers driving this RAMB pin or else use a synchronous reset in which the assertion of the reset is timed by default.
Related violations: <none>

REQP-1839#15 Warning
RAMB36 async control check  
The RAMB36E1 swervolf/myVga/myBuff/frameBuffer_reg_0_10 has an input control pin swervolf/myVga/myBuff/frameBuffer_reg_0_10/WEA[0] (net: swervolf/myVga/myBuff/frameBuffer_reg_1_10_1[0]) which is driven by a register (swervolf/myVga/vgaRegFile/registerFile_reg[0][1]) that has an active asychronous set or reset. This may cause corruption of the memory contents and/or read values when the set/reset is asserted and is not analyzed by the default static timing analysis. It is suggested to eliminate the use of a set/reset to registers driving this RAMB pin or else use a synchronous reset in which the assertion of the reset is timed by default.
Related violations: <none>

REQP-1839#16 Warning
RAMB36 async control check  
The RAMB36E1 swervolf/myVga/myBuff/frameBuffer_reg_0_10 has an input control pin swervolf/myVga/myBuff/frameBuffer_reg_0_10/WEA[1] (net: swervolf/myVga/myBuff/frameBuffer_reg_1_10_1[0]) which is driven by a register (swervolf/myVga/vgaRegFile/registerFile_reg[0][1]) that has an active asychronous set or reset. This may cause corruption of the memory contents and/or read values when the set/reset is asserted and is not analyzed by the default static timing analysis. It is suggested to eliminate the use of a set/reset to registers driving this RAMB pin or else use a synchronous reset in which the assertion of the reset is timed by default.
Related violations: <none>

REQP-1839#17 Warning
RAMB36 async control check  
The RAMB36E1 swervolf/myVga/myBuff/frameBuffer_reg_0_10 has an input control pin swervolf/myVga/myBuff/frameBuffer_reg_0_10/WEA[2] (net: swervolf/myVga/myBuff/frameBuffer_reg_1_10_1[0]) which is driven by a register (swervolf/myVga/vgaRegFile/registerFile_reg[0][1]) that has an active asychronous set or reset. This may cause corruption of the memory contents and/or read values when the set/reset is asserted and is not analyzed by the default static timing analysis. It is suggested to eliminate the use of a set/reset to registers driving this RAMB pin or else use a synchronous reset in which the assertion of the reset is timed by default.
Related violations: <none>

REQP-1839#18 Warning
RAMB36 async control check  
The RAMB36E1 swervolf/myVga/myBuff/frameBuffer_reg_0_10 has an input control pin swervolf/myVga/myBuff/frameBuffer_reg_0_10/WEA[3] (net: swervolf/myVga/myBuff/frameBuffer_reg_1_10_1[0]) which is driven by a register (swervolf/myVga/vgaRegFile/registerFile_reg[0][1]) that has an active asychronous set or reset. This may cause corruption of the memory contents and/or read values when the set/reset is asserted and is not analyzed by the default static timing analysis. It is suggested to eliminate the use of a set/reset to registers driving this RAMB pin or else use a synchronous reset in which the assertion of the reset is timed by default.
Related violations: <none>

REQP-1839#19 Warning
RAMB36 async control check  
The RAMB36E1 swervolf/myVga/myBuff/frameBuffer_reg_0_11 has an input control pin swervolf/myVga/myBuff/frameBuffer_reg_0_11/WEA[2] (net: swervolf/myVga/myBuff/frameBuffer_reg_1_11_1[0]) which is driven by a register (swervolf/myVga/vgaRegFile/registerFile_reg[0][1]) that has an active asychronous set or reset. This may cause corruption of the memory contents and/or read values when the set/reset is asserted and is not analyzed by the default static timing analysis. It is suggested to eliminate the use of a set/reset to registers driving this RAMB pin or else use a synchronous reset in which the assertion of the reset is timed by default.
Related violations: <none>

REQP-1839#20 Warning
RAMB36 async control check  
The RAMB36E1 swervolf/myVga/myBuff/frameBuffer_reg_0_11 has an input control pin swervolf/myVga/myBuff/frameBuffer_reg_0_11/WEA[3] (net: swervolf/myVga/myBuff/frameBuffer_reg_1_11_1[0]) which is driven by a register (swervolf/myVga/vgaRegFile/registerFile_reg[0][1]) that has an active asychronous set or reset. This may cause corruption of the memory contents and/or read values when the set/reset is asserted and is not analyzed by the default static timing analysis. It is suggested to eliminate the use of a set/reset to registers driving this RAMB pin or else use a synchronous reset in which the assertion of the reset is timed by default.
Related violations: <none>

REQP-1840#1 Warning
RAMB18 async control check  
The RAMB18E1 ddr2/ldc/storage_10_reg_1 has an input control pin ddr2/ldc/storage_10_reg_1/ENBWREN (net: ddr2/ldc/grant_reg_0) which is driven by a register (cdc/i_axi_cdc/i_cdc_fifo_gray_w/i_dst/i_spill_register/gen_spill_reg.a_full_q_reg) that has an active asychronous set or reset. This may cause corruption of the memory contents and/or read values when the set/reset is asserted and is not analyzed by the default static timing analysis. It is suggested to eliminate the use of a set/reset to registers driving this RAMB pin or else use a synchronous reset in which the assertion of the reset is timed by default.
Related violations: <none>

REQP-1840#2 Warning
RAMB18 async control check  
The RAMB18E1 ddr2/ldc/storage_10_reg_1 has an input control pin ddr2/ldc/storage_10_reg_1/ENBWREN (net: ddr2/ldc/grant_reg_0) which is driven by a register (cdc/i_axi_cdc/i_cdc_fifo_gray_w/i_dst/i_spill_register/gen_spill_reg.b_full_q_reg) that has an active asychronous set or reset. This may cause corruption of the memory contents and/or read values when the set/reset is asserted and is not analyzed by the default static timing analysis. It is suggested to eliminate the use of a set/reset to registers driving this RAMB pin or else use a synchronous reset in which the assertion of the reset is timed by default.
Related violations: <none>

REQP-1840#3 Warning
RAMB18 async control check  
The RAMB18E1 swervolf/rvtop/mem/Gen_dccm_enable.dccm/mem_bank[0].dccm.dccm_bank/ram_core_reg_1 has an input control pin swervolf/rvtop/mem/Gen_dccm_enable.dccm/mem_bank[0].dccm.dccm_bank/ram_core_reg_1/ADDRARDADDR[13] (net: swervolf/rvtop/mem/Gen_dccm_enable.dccm/mem_bank[0].dccm.dccm_bank/ADR[9]) which is driven by a register (swervolf/rvtop/veer/dbg/dbg_state_reg/genblock.dffs/dout_reg[0]) that has an active asychronous set or reset. This may cause corruption of the memory contents and/or read values when the set/reset is asserted and is not analyzed by the default static timing analysis. It is suggested to eliminate the use of a set/reset to registers driving this RAMB pin or else use a synchronous reset in which the assertion of the reset is timed by default.
Related violations: <none>

REQP-1840#4 Warning
RAMB18 async control check  
The RAMB18E1 swervolf/rvtop/mem/Gen_dccm_enable.dccm/mem_bank[0].dccm.dccm_bank/ram_core_reg_1 has an input control pin swervolf/rvtop/mem/Gen_dccm_enable.dccm/mem_bank[0].dccm.dccm_bank/ram_core_reg_1/ADDRARDADDR[13] (net: swervolf/rvtop/mem/Gen_dccm_enable.dccm/mem_bank[0].dccm.dccm_bank/ADR[9]) which is driven by a register (swervolf/rvtop/veer/dbg/dbg_state_reg/genblock.dffs/dout_reg[1]) that has an active asychronous set or reset. This may cause corruption of the memory contents and/or read values when the set/reset is asserted and is not analyzed by the default static timing analysis. It is suggested to eliminate the use of a set/reset to registers driving this RAMB pin or else use a synchronous reset in which the assertion of the reset is timed by default.
Related violations: <none>

REQP-1840#5 Warning
RAMB18 async control check  
The RAMB18E1 swervolf/rvtop/mem/Gen_dccm_enable.dccm/mem_bank[0].dccm.dccm_bank/ram_core_reg_1 has an input control pin swervolf/rvtop/mem/Gen_dccm_enable.dccm/mem_bank[0].dccm.dccm_bank/ram_core_reg_1/ADDRARDADDR[13] (net: swervolf/rvtop/mem/Gen_dccm_enable.dccm/mem_bank[0].dccm.dccm_bank/ADR[9]) which is driven by a register (swervolf/rvtop/veer/dbg/dbg_state_reg/genblock.dffs/dout_reg[2]) that has an active asychronous set or reset. This may cause corruption of the memory contents and/or read values when the set/reset is asserted and is not analyzed by the default static timing analysis. It is suggested to eliminate the use of a set/reset to registers driving this RAMB pin or else use a synchronous reset in which the assertion of the reset is timed by default.
Related violations: <none>

REQP-1840#6 Warning
RAMB18 async control check  
The RAMB18E1 swervolf/rvtop/mem/Gen_dccm_enable.dccm/mem_bank[0].dccm.dccm_bank/ram_core_reg_1 has an input control pin swervolf/rvtop/mem/Gen_dccm_enable.dccm/mem_bank[0].dccm.dccm_bank/ram_core_reg_1/ADDRARDADDR[13] (net: swervolf/rvtop/mem/Gen_dccm_enable.dccm/mem_bank[0].dccm.dccm_bank/ADR[9]) which is driven by a register (swervolf/rvtop/veer/dbg/dbg_state_reg/genblock.dffs/dout_reg[3]) that has an active asychronous set or reset. This may cause corruption of the memory contents and/or read values when the set/reset is asserted and is not analyzed by the default static timing analysis. It is suggested to eliminate the use of a set/reset to registers driving this RAMB pin or else use a synchronous reset in which the assertion of the reset is timed by default.
Related violations: <none>

REQP-1840#7 Warning
RAMB18 async control check  
The RAMB18E1 swervolf/rvtop/mem/Gen_dccm_enable.dccm/mem_bank[0].dccm.dccm_bank/ram_core_reg_1 has an input control pin swervolf/rvtop/mem/Gen_dccm_enable.dccm/mem_bank[0].dccm.dccm_bank/ram_core_reg_1/ADDRARDADDR[13] (net: swervolf/rvtop/mem/Gen_dccm_enable.dccm/mem_bank[0].dccm.dccm_bank/ADR[9]) which is driven by a register (swervolf/rvtop/veer/dbg/dmcommand_regno_reg/genblock.genblock.dff/genblock.dffs/dout_reg[7]) that has an active asychronous set or reset. This may cause corruption of the memory contents and/or read values when the set/reset is asserted and is not analyzed by the default static timing analysis. It is suggested to eliminate the use of a set/reset to registers driving this RAMB pin or else use a synchronous reset in which the assertion of the reset is timed by default.
Related violations: <none>

REQP-1840#8 Warning
RAMB18 async control check  
The RAMB18E1 swervolf/rvtop/mem/Gen_dccm_enable.dccm/mem_bank[0].dccm.dccm_bank/ram_core_reg_1 has an input control pin swervolf/rvtop/mem/Gen_dccm_enable.dccm/mem_bank[0].dccm.dccm_bank/ram_core_reg_1/ADDRARDADDR[13] (net: swervolf/rvtop/mem/Gen_dccm_enable.dccm/mem_bank[0].dccm.dccm_bank/ADR[9]) which is driven by a register (swervolf/rvtop/veer/dbg/dmcommand_regno_reg/genblock.genblock.dff/genblock.dffs/dout_reg[8]) that has an active asychronous set or reset. This may cause corruption of the memory contents and/or read values when the set/reset is asserted and is not analyzed by the default static timing analysis. It is suggested to eliminate the use of a set/reset to registers driving this RAMB pin or else use a synchronous reset in which the assertion of the reset is timed by default.
Related violations: <none>

REQP-1840#9 Warning
RAMB18 async control check  
The RAMB18E1 swervolf/rvtop/mem/Gen_dccm_enable.dccm/mem_bank[0].dccm.dccm_bank/ram_core_reg_1 has an input control pin swervolf/rvtop/mem/Gen_dccm_enable.dccm/mem_bank[0].dccm.dccm_bank/ram_core_reg_1/ADDRARDADDR[13] (net: swervolf/rvtop/mem/Gen_dccm_enable.dccm/mem_bank[0].dccm.dccm_bank/ADR[9]) which is driven by a register (swervolf/rvtop/veer/dbg/dmcommand_regno_reg/genblock.genblock.dff/genblock.dffs/dout_reg[9]) that has an active asychronous set or reset. This may cause corruption of the memory contents and/or read values when the set/reset is asserted and is not analyzed by the default static timing analysis. It is suggested to eliminate the use of a set/reset to registers driving this RAMB pin or else use a synchronous reset in which the assertion of the reset is timed by default.
Related violations: <none>

REQP-1840#10 Warning
RAMB18 async control check  
The RAMB18E1 swervolf/rvtop/mem/Gen_dccm_enable.dccm/mem_bank[0].dccm.dccm_bank/ram_core_reg_1 has an input control pin swervolf/rvtop/mem/Gen_dccm_enable.dccm/mem_bank[0].dccm.dccm_bank/ram_core_reg_1/ADDRARDADDR[13] (net: swervolf/rvtop/mem/Gen_dccm_enable.dccm/mem_bank[0].dccm.dccm_bank/ADR[9]) which is driven by a register (swervolf/rvtop/veer/dbg/dmcontrolff/genblock.dffs/dout_reg[3]) that has an active asychronous set or reset. This may cause corruption of the memory contents and/or read values when the set/reset is asserted and is not analyzed by the default static timing analysis. It is suggested to eliminate the use of a set/reset to registers driving this RAMB pin or else use a synchronous reset in which the assertion of the reset is timed by default.
Related violations: <none>

REQP-1840#11 Warning
RAMB18 async control check  
The RAMB18E1 swervolf/rvtop/mem/Gen_dccm_enable.dccm/mem_bank[0].dccm.dccm_bank/ram_core_reg_1 has an input control pin swervolf/rvtop/mem/Gen_dccm_enable.dccm/mem_bank[0].dccm.dccm_bank/ram_core_reg_1/ADDRARDADDR[13] (net: swervolf/rvtop/mem/Gen_dccm_enable.dccm/mem_bank[0].dccm.dccm_bank/ADR[9]) which is driven by a register (swervolf/rvtop/veer/dec/decode/i0_result_r_ff/genblock.genblock.dff/genblock.dffs/dout_reg[0]) that has an active asychronous set or reset. This may cause corruption of the memory contents and/or read values when the set/reset is asserted and is not analyzed by the default static timing analysis. It is suggested to eliminate the use of a set/reset to registers driving this RAMB pin or else use a synchronous reset in which the assertion of the reset is timed by default.
Related violations: <none>

REQP-1840#12 Warning
RAMB18 async control check  
The RAMB18E1 swervolf/rvtop/mem/Gen_dccm_enable.dccm/mem_bank[0].dccm.dccm_bank/ram_core_reg_1 has an input control pin swervolf/rvtop/mem/Gen_dccm_enable.dccm/mem_bank[0].dccm.dccm_bank/ram_core_reg_1/ADDRARDADDR[13] (net: swervolf/rvtop/mem/Gen_dccm_enable.dccm/mem_bank[0].dccm.dccm_bank/ADR[9]) which is driven by a register (swervolf/rvtop/veer/dec/decode/i0_result_r_ff/genblock.genblock.dff/genblock.dffs/dout_reg[10]) that has an active asychronous set or reset. This may cause corruption of the memory contents and/or read values when the set/reset is asserted and is not analyzed by the default static timing analysis. It is suggested to eliminate the use of a set/reset to registers driving this RAMB pin or else use a synchronous reset in which the assertion of the reset is timed by default.
Related violations: <none>

REQP-1840#13 Warning
RAMB18 async control check  
The RAMB18E1 swervolf/rvtop/mem/Gen_dccm_enable.dccm/mem_bank[0].dccm.dccm_bank/ram_core_reg_1 has an input control pin swervolf/rvtop/mem/Gen_dccm_enable.dccm/mem_bank[0].dccm.dccm_bank/ram_core_reg_1/ADDRARDADDR[13] (net: swervolf/rvtop/mem/Gen_dccm_enable.dccm/mem_bank[0].dccm.dccm_bank/ADR[9]) which is driven by a register (swervolf/rvtop/veer/dec/decode/i0_result_r_ff/genblock.genblock.dff/genblock.dffs/dout_reg[11]) that has an active asychronous set or reset. This may cause corruption of the memory contents and/or read values when the set/reset is asserted and is not analyzed by the default static timing analysis. It is suggested to eliminate the use of a set/reset to registers driving this RAMB pin or else use a synchronous reset in which the assertion of the reset is timed by default.
Related violations: <none>

REQP-1840#14 Warning
RAMB18 async control check  
The RAMB18E1 swervolf/rvtop/mem/Gen_dccm_enable.dccm/mem_bank[0].dccm.dccm_bank/ram_core_reg_1 has an input control pin swervolf/rvtop/mem/Gen_dccm_enable.dccm/mem_bank[0].dccm.dccm_bank/ram_core_reg_1/ADDRARDADDR[13] (net: swervolf/rvtop/mem/Gen_dccm_enable.dccm/mem_bank[0].dccm.dccm_bank/ADR[9]) which is driven by a register (swervolf/rvtop/veer/dec/decode/i0_result_r_ff/genblock.genblock.dff/genblock.dffs/dout_reg[12]) that has an active asychronous set or reset. This may cause corruption of the memory contents and/or read values when the set/reset is asserted and is not analyzed by the default static timing analysis. It is suggested to eliminate the use of a set/reset to registers driving this RAMB pin or else use a synchronous reset in which the assertion of the reset is timed by default.
Related violations: <none>

REQP-1840#15 Warning
RAMB18 async control check  
The RAMB18E1 swervolf/rvtop/mem/Gen_dccm_enable.dccm/mem_bank[0].dccm.dccm_bank/ram_core_reg_1 has an input control pin swervolf/rvtop/mem/Gen_dccm_enable.dccm/mem_bank[0].dccm.dccm_bank/ram_core_reg_1/ADDRARDADDR[13] (net: swervolf/rvtop/mem/Gen_dccm_enable.dccm/mem_bank[0].dccm.dccm_bank/ADR[9]) which is driven by a register (swervolf/rvtop/veer/dec/decode/i0_result_r_ff/genblock.genblock.dff/genblock.dffs/dout_reg[13]) that has an active asychronous set or reset. This may cause corruption of the memory contents and/or read values when the set/reset is asserted and is not analyzed by the default static timing analysis. It is suggested to eliminate the use of a set/reset to registers driving this RAMB pin or else use a synchronous reset in which the assertion of the reset is timed by default.
Related violations: <none>

REQP-1840#16 Warning
RAMB18 async control check  
The RAMB18E1 swervolf/rvtop/mem/Gen_dccm_enable.dccm/mem_bank[0].dccm.dccm_bank/ram_core_reg_1 has an input control pin swervolf/rvtop/mem/Gen_dccm_enable.dccm/mem_bank[0].dccm.dccm_bank/ram_core_reg_1/ADDRARDADDR[13] (net: swervolf/rvtop/mem/Gen_dccm_enable.dccm/mem_bank[0].dccm.dccm_bank/ADR[9]) which is driven by a register (swervolf/rvtop/veer/dec/decode/i0_result_r_ff/genblock.genblock.dff/genblock.dffs/dout_reg[14]) that has an active asychronous set or reset. This may cause corruption of the memory contents and/or read values when the set/reset is asserted and is not analyzed by the default static timing analysis. It is suggested to eliminate the use of a set/reset to registers driving this RAMB pin or else use a synchronous reset in which the assertion of the reset is timed by default.
Related violations: <none>

REQP-1840#17 Warning
RAMB18 async control check  
The RAMB18E1 swervolf/rvtop/mem/Gen_dccm_enable.dccm/mem_bank[0].dccm.dccm_bank/ram_core_reg_1 has an input control pin swervolf/rvtop/mem/Gen_dccm_enable.dccm/mem_bank[0].dccm.dccm_bank/ram_core_reg_1/ADDRARDADDR[13] (net: swervolf/rvtop/mem/Gen_dccm_enable.dccm/mem_bank[0].dccm.dccm_bank/ADR[9]) which is driven by a register (swervolf/rvtop/veer/dec/decode/i0_result_r_ff/genblock.genblock.dff/genblock.dffs/dout_reg[15]) that has an active asychronous set or reset. This may cause corruption of the memory contents and/or read values when the set/reset is asserted and is not analyzed by the default static timing analysis. It is suggested to eliminate the use of a set/reset to registers driving this RAMB pin or else use a synchronous reset in which the assertion of the reset is timed by default.
Related violations: <none>

REQP-1840#18 Warning
RAMB18 async control check  
The RAMB18E1 swervolf/rvtop/mem/Gen_dccm_enable.dccm/mem_bank[0].dccm.dccm_bank/ram_core_reg_1 has an input control pin swervolf/rvtop/mem/Gen_dccm_enable.dccm/mem_bank[0].dccm.dccm_bank/ram_core_reg_1/ADDRARDADDR[13] (net: swervolf/rvtop/mem/Gen_dccm_enable.dccm/mem_bank[0].dccm.dccm_bank/ADR[9]) which is driven by a register (swervolf/rvtop/veer/dec/decode/i0_result_r_ff/genblock.genblock.dff/genblock.dffs/dout_reg[16]) that has an active asychronous set or reset. This may cause corruption of the memory contents and/or read values when the set/reset is asserted and is not analyzed by the default static timing analysis. It is suggested to eliminate the use of a set/reset to registers driving this RAMB pin or else use a synchronous reset in which the assertion of the reset is timed by default.
Related violations: <none>

REQP-1840#19 Warning
RAMB18 async control check  
The RAMB18E1 swervolf/rvtop/mem/Gen_dccm_enable.dccm/mem_bank[0].dccm.dccm_bank/ram_core_reg_1 has an input control pin swervolf/rvtop/mem/Gen_dccm_enable.dccm/mem_bank[0].dccm.dccm_bank/ram_core_reg_1/ADDRARDADDR[13] (net: swervolf/rvtop/mem/Gen_dccm_enable.dccm/mem_bank[0].dccm.dccm_bank/ADR[9]) which is driven by a register (swervolf/rvtop/veer/dec/decode/i0_result_r_ff/genblock.genblock.dff/genblock.dffs/dout_reg[17]) that has an active asychronous set or reset. This may cause corruption of the memory contents and/or read values when the set/reset is asserted and is not analyzed by the default static timing analysis. It is suggested to eliminate the use of a set/reset to registers driving this RAMB pin or else use a synchronous reset in which the assertion of the reset is timed by default.
Related violations: <none>

REQP-1840#20 Warning
RAMB18 async control check  
The RAMB18E1 swervolf/rvtop/mem/Gen_dccm_enable.dccm/mem_bank[0].dccm.dccm_bank/ram_core_reg_1 has an input control pin swervolf/rvtop/mem/Gen_dccm_enable.dccm/mem_bank[0].dccm.dccm_bank/ram_core_reg_1/ADDRARDADDR[13] (net: swervolf/rvtop/mem/Gen_dccm_enable.dccm/mem_bank[0].dccm.dccm_bank/ADR[9]) which is driven by a register (swervolf/rvtop/veer/dec/decode/i0_result_r_ff/genblock.genblock.dff/genblock.dffs/dout_reg[18]) that has an active asychronous set or reset. This may cause corruption of the memory contents and/or read values when the set/reset is asserted and is not analyzed by the default static timing analysis. It is suggested to eliminate the use of a set/reset to registers driving this RAMB pin or else use a synchronous reset in which the assertion of the reset is timed by default.
Related violations: <none>


