xilinx rtfpga
rt::do_reinfer_area_combined 1
WARNING: [Synth 8-7129] Port scan_mode in module rvdffie__parameterized5 is either unconnected or has no load
WARNING: [Synth 8-7129] Port scan_mode in module rvdffie__parameterized0__6 is either unconnected or has no load
WARNING: [Synth 8-7129] Port scan_mode in module rvdffe__parameterized7 is either unconnected or has no load
WARNING: [Synth 8-7129] Port scan_mode in module rvdfflie__parameterized0 is either unconnected or has no load
WARNING: [Synth 8-7129] Port scan_mode in module rvdffpcie__11 is either unconnected or has no load
WARNING: [Synth 8-7129] Port scan_mode in module rvdffpcie__10 is either unconnected or has no load
WARNING: [Synth 8-7129] Port scan_mode in module rvdffpcie__9 is either unconnected or has no load
WARNING: [Synth 8-7129] Port scan_mode in module rvdffie__parameterized5__1 is either unconnected or has no load
WARNING: [Synth 8-7129] Port scan_mode in module rvdffe__parameterized4__1 is either unconnected or has no load
WARNING: [Synth 8-7129] Port scan_mode in module rvdffie__parameterized2 is either unconnected or has no load
WARNING: [Synth 8-7129] Port scan_mode in module rvdffie__parameterized2__2 is either unconnected or has no load
WARNING: [Synth 8-7129] Port scan_mode in module rvdffe__parameterized7__6 is either unconnected or has no load
WARNING: [Synth 8-7129] Port scan_mode in module rvdffe__116 is either unconnected or has no load
WARNING: [Synth 8-7129] Port scan_mode in module rvdffe__115 is either unconnected or has no load
WARNING: [Synth 8-7129] Port scan_mode in module rvdffe__114 is either unconnected or has no load
WARNING: [Synth 8-7129] Port scan_mode in module rvdffe__113 is either unconnected or has no load
WARNING: [Synth 8-7129] Port scan_mode in module rvdffe__112 is either unconnected or has no load
WARNING: [Synth 8-7129] Port scan_mode in module rvdffe__111 is either unconnected or has no load
WARNING: [Synth 8-7129] Port scan_mode in module rvdffe__110 is either unconnected or has no load
WARNING: [Synth 8-7129] Port scan_mode in module rvdffe__109 is either unconnected or has no load
WARNING: [Synth 8-7129] Port scan_mode in module rvdffe__108 is either unconnected or has no load
WARNING: [Synth 8-7129] Port scan_mode in module rvdffe__107 is either unconnected or has no load
WARNING: [Synth 8-7129] Port scan_mode in module rvdffe__106 is either unconnected or has no load
WARNING: [Synth 8-7129] Port scan_mode in module rvdffe__105 is either unconnected or has no load
WARNING: [Synth 8-7129] Port scan_mode in module rvdffe__104 is either unconnected or has no load
WARNING: [Synth 8-7129] Port scan_mode in module rvdffe__103 is either unconnected or has no load
WARNING: [Synth 8-7129] Port scan_mode in module rvdffe__102 is either unconnected or has no load
WARNING: [Synth 8-7129] Port scan_mode in module rvdffe__101 is either unconnected or has no load
WARNING: [Synth 8-7129] Port scan_mode in module rvdffe__parameterized6 is either unconnected or has no load
WARNING: [Synth 8-7129] Port ic_rd_data[63] in module el2_ifu_mem_ctl is either unconnected or has no load
WARNING: [Synth 8-7129] Port ic_rd_data[62] in module el2_ifu_mem_ctl is either unconnected or has no load
WARNING: [Synth 8-7129] Port ic_rd_data[61] in module el2_ifu_mem_ctl is either unconnected or has no load
WARNING: [Synth 8-7129] Port ic_rd_data[60] in module el2_ifu_mem_ctl is either unconnected or has no load
WARNING: [Synth 8-7129] Port ic_rd_data[59] in module el2_ifu_mem_ctl is either unconnected or has no load
WARNING: [Synth 8-7129] Port ic_rd_data[58] in module el2_ifu_mem_ctl is either unconnected or has no load
WARNING: [Synth 8-7129] Port ic_rd_data[57] in module el2_ifu_mem_ctl is either unconnected or has no load
WARNING: [Synth 8-7129] Port ic_rd_data[56] in module el2_ifu_mem_ctl is either unconnected or has no load
WARNING: [Synth 8-7129] Port ic_rd_data[55] in module el2_ifu_mem_ctl is either unconnected or has no load
WARNING: [Synth 8-7129] Port ic_rd_data[54] in module el2_ifu_mem_ctl is either unconnected or has no load
WARNING: [Synth 8-7129] Port ic_rd_data[53] in module el2_ifu_mem_ctl is either unconnected or has no load
WARNING: [Synth 8-7129] Port ic_rd_data[52] in module el2_ifu_mem_ctl is either unconnected or has no load
WARNING: [Synth 8-7129] Port ic_rd_data[51] in module el2_ifu_mem_ctl is either unconnected or has no load
WARNING: [Synth 8-7129] Port ic_rd_data[50] in module el2_ifu_mem_ctl is either unconnected or has no load
WARNING: [Synth 8-7129] Port ic_rd_data[49] in module el2_ifu_mem_ctl is either unconnected or has no load
WARNING: [Synth 8-7129] Port ic_rd_data[48] in module el2_ifu_mem_ctl is either unconnected or has no load
WARNING: [Synth 8-7129] Port ic_rd_data[47] in module el2_ifu_mem_ctl is either unconnected or has no load
WARNING: [Synth 8-7129] Port ic_rd_data[46] in module el2_ifu_mem_ctl is either unconnected or has no load
WARNING: [Synth 8-7129] Port ic_rd_data[45] in module el2_ifu_mem_ctl is either unconnected or has no load
WARNING: [Synth 8-7129] Port ic_rd_data[44] in module el2_ifu_mem_ctl is either unconnected or has no load
WARNING: [Synth 8-7129] Port ic_rd_data[43] in module el2_ifu_mem_ctl is either unconnected or has no load
WARNING: [Synth 8-7129] Port ic_rd_data[42] in module el2_ifu_mem_ctl is either unconnected or has no load
WARNING: [Synth 8-7129] Port ic_rd_data[41] in module el2_ifu_mem_ctl is either unconnected or has no load
WARNING: [Synth 8-7129] Port ic_rd_data[40] in module el2_ifu_mem_ctl is either unconnected or has no load
WARNING: [Synth 8-7129] Port ic_rd_data[39] in module el2_ifu_mem_ctl is either unconnected or has no load
WARNING: [Synth 8-7129] Port ic_rd_data[38] in module el2_ifu_mem_ctl is either unconnected or has no load
WARNING: [Synth 8-7129] Port ic_rd_data[37] in module el2_ifu_mem_ctl is either unconnected or has no load
WARNING: [Synth 8-7129] Port ic_rd_data[36] in module el2_ifu_mem_ctl is either unconnected or has no load
WARNING: [Synth 8-7129] Port ic_rd_data[35] in module el2_ifu_mem_ctl is either unconnected or has no load
WARNING: [Synth 8-7129] Port ic_rd_data[34] in module el2_ifu_mem_ctl is either unconnected or has no load
WARNING: [Synth 8-7129] Port ic_rd_data[33] in module el2_ifu_mem_ctl is either unconnected or has no load
WARNING: [Synth 8-7129] Port ic_rd_data[32] in module el2_ifu_mem_ctl is either unconnected or has no load
WARNING: [Synth 8-7129] Port ictag_debug_rd_data[25] in module el2_ifu_mem_ctl is either unconnected or has no load
WARNING: [Synth 8-7129] Port ictag_debug_rd_data[24] in module el2_ifu_mem_ctl is either unconnected or has no load
WARNING: [Synth 8-7129] Port ictag_debug_rd_data[23] in module el2_ifu_mem_ctl is either unconnected or has no load
WARNING: [Synth 8-7129] Port ictag_debug_rd_data[22] in module el2_ifu_mem_ctl is either unconnected or has no load
WARNING: [Synth 8-7129] Port ic_eccerr[1] in module el2_ifu_mem_ctl is either unconnected or has no load
WARNING: [Synth 8-7129] Port ic_eccerr[0] in module el2_ifu_mem_ctl is either unconnected or has no load
WARNING: [Synth 8-7129] Port dec_tlu_ic_diag_pkt[icache_dicawics][13] in module el2_ifu_mem_ctl is either unconnected or has no load
WARNING: [Synth 8-7129] Port dec_tlu_ic_diag_pkt[icache_dicawics][12] in module el2_ifu_mem_ctl is either unconnected or has no load
WARNING: [Synth 8-7129] Port dec_tlu_ic_diag_pkt[icache_dicawics][11] in module el2_ifu_mem_ctl is either unconnected or has no load
WARNING: [Synth 8-7129] Port dec_tlu_ic_diag_pkt[icache_dicawics][10] in module el2_ifu_mem_ctl is either unconnected or has no load
WARNING: [Synth 8-7129] Port dec_tlu_ic_diag_pkt[icache_dicawics][9] in module el2_ifu_mem_ctl is either unconnected or has no load
WARNING: [Synth 8-7129] Port scan_mode in module rvdffe__119 is either unconnected or has no load
WARNING: [Synth 8-7129] Port scan_mode in module rvdffe__118 is either unconnected or has no load
WARNING: [Synth 8-7129] Port scan_mode in module rvdffe__117 is either unconnected or has no load
WARNING: [Synth 8-7129] Port scan_mode in module rvdffe__parameterized5 is either unconnected or has no load
WARNING: [Synth 8-7129] Port scan_mode in module rvdffe__parameterized5__6 is either unconnected or has no load
WARNING: [Synth 8-7129] Port scan_mode in module rvdffe__parameterized5__5 is either unconnected or has no load
WARNING: [Synth 8-7129] Port scan_mode in module rvdffe__parameterized4 is either unconnected or has no load
WARNING: [Synth 8-7129] Port scan_mode in module rvdffe__parameterized4__3 is either unconnected or has no load
WARNING: [Synth 8-7129] Port scan_mode in module rvdffe__parameterized4__2 is either unconnected or has no load
WARNING: [Synth 8-7129] Port scan_mode in module rvdfflie is either unconnected or has no load
WARNING: [Synth 8-7129] Port scan_mode in module rvdffe__parameterized1 is either unconnected or has no load
WARNING: [Synth 8-7129] Port scan_mode in module rvdffe__parameterized1__7 is either unconnected or has no load
WARNING: [Synth 8-7129] Port scan_mode in module rvdffe__parameterized1__6 is either unconnected or has no load
WARNING: [Synth 8-7129] Port scan_mode in module rvdffe__parameterized1__5 is either unconnected or has no load
WARNING: [Synth 8-7129] Port scan_mode in module rvdffe__parameterized1__4 is either unconnected or has no load
WARNING: [Synth 8-7129] Port scan_mode in module rvdffe__parameterized1__3 is either unconnected or has no load
WARNING: [Synth 8-7129] Port scan_mode in module rvdffe__parameterized1__2 is either unconnected or has no load
WARNING: [Synth 8-7129] Port scan_mode in module rvdffe__parameterized1__1 is either unconnected or has no load
WARNING: [Synth 8-7129] Port scan_mode in module rvdffe is either unconnected or has no load
WARNING: [Synth 8-7129] Port scan_mode in module rvdffe__120 is either unconnected or has no load
WARNING: [Synth 8-7129] Port dec_tlu_br0_r_pkt[way] in module el2_ifu_bp_ctl is either unconnected or has no load
WARNING: [Synth 8-7129] Port exu_mp_pkt[br_error] in module el2_ifu_bp_ctl is either unconnected or has no load
WARNING: [Synth 8-7129] Port exu_mp_pkt[br_start_error] in module el2_ifu_bp_ctl is either unconnected or has no load
WARNING: [Synth 8-7129] Port exu_mp_pkt[prett][31] in module el2_ifu_bp_ctl is either unconnected or has no load
WARNING: [Synth 8-7129] Port exu_mp_pkt[prett][30] in module el2_ifu_bp_ctl is either unconnected or has no load
WARNING: [Synth 8-7129] Port exu_mp_pkt[prett][29] in module el2_ifu_bp_ctl is either unconnected or has no load
WARNING: [Synth 8-7129] Port exu_mp_pkt[prett][28] in module el2_ifu_bp_ctl is either unconnected or has no load
WARNING: [Synth 8-7129] Port exu_mp_pkt[prett][27] in module el2_ifu_bp_ctl is either unconnected or has no load
INFO: [Common 17-14] Message 'Synth 8-7129' appears 100 times and further instances of the messages will be disabled. Use the Tcl command set_msg_config to change the current settings.
