xilinx rtfpga
rt::do_reinfer_area_combined 1
WARNING: [Synth 8-3917] design el2_dec has port trace_rv_trace_pkt[trace_rv_i_address_ip][0] driven by constant 0
WARNING: [Synth 8-7129] Port trigger_pkt_any[3][store] in module el2_dec_trigger is either unconnected or has no load
WARNING: [Synth 8-7129] Port trigger_pkt_any[3][load] in module el2_dec_trigger is either unconnected or has no load
WARNING: [Synth 8-7129] Port trigger_pkt_any[2][store] in module el2_dec_trigger is either unconnected or has no load
WARNING: [Synth 8-7129] Port trigger_pkt_any[2][load] in module el2_dec_trigger is either unconnected or has no load
WARNING: [Synth 8-7129] Port trigger_pkt_any[1][store] in module el2_dec_trigger is either unconnected or has no load
WARNING: [Synth 8-7129] Port trigger_pkt_any[1][load] in module el2_dec_trigger is either unconnected or has no load
WARNING: [Synth 8-7129] Port trigger_pkt_any[0][store] in module el2_dec_trigger is either unconnected or has no load
WARNING: [Synth 8-7129] Port trigger_pkt_any[0][load] in module el2_dec_trigger is either unconnected or has no load
WARNING: [Synth 8-7129] Port scan_mode in module rvdffe__35 is either unconnected or has no load
WARNING: [Synth 8-7129] Port scan_mode in module rvdffe__34 is either unconnected or has no load
WARNING: [Synth 8-7129] Port scan_mode in module rvdffe__33 is either unconnected or has no load
WARNING: [Synth 8-7129] Port scan_mode in module rvdffe__32 is either unconnected or has no load
WARNING: [Synth 8-7129] Port scan_mode in module rvdffe__31 is either unconnected or has no load
WARNING: [Synth 8-7129] Port scan_mode in module rvdffe__30 is either unconnected or has no load
WARNING: [Synth 8-7129] Port scan_mode in module rvdffe__29 is either unconnected or has no load
WARNING: [Synth 8-7129] Port scan_mode in module rvdffe__28 is either unconnected or has no load
WARNING: [Synth 8-7129] Port scan_mode in module rvdffe__27 is either unconnected or has no load
WARNING: [Synth 8-7129] Port scan_mode in module rvdffe__26 is either unconnected or has no load
WARNING: [Synth 8-7129] Port scan_mode in module rvdffe__25 is either unconnected or has no load
WARNING: [Synth 8-7129] Port scan_mode in module rvdffe__24 is either unconnected or has no load
WARNING: [Synth 8-7129] Port scan_mode in module rvdffe__23 is either unconnected or has no load
WARNING: [Synth 8-7129] Port scan_mode in module rvdffe__22 is either unconnected or has no load
WARNING: [Synth 8-7129] Port scan_mode in module rvdffe__21 is either unconnected or has no load
WARNING: [Synth 8-7129] Port scan_mode in module rvdffe__20 is either unconnected or has no load
WARNING: [Synth 8-7129] Port scan_mode in module rvdffe__19 is either unconnected or has no load
WARNING: [Synth 8-7129] Port scan_mode in module rvdffe__18 is either unconnected or has no load
WARNING: [Synth 8-7129] Port scan_mode in module rvdffe__17 is either unconnected or has no load
WARNING: [Synth 8-7129] Port scan_mode in module rvdffe__16 is either unconnected or has no load
WARNING: [Synth 8-7129] Port scan_mode in module rvdffe__15 is either unconnected or has no load
WARNING: [Synth 8-7129] Port scan_mode in module rvdffe__14 is either unconnected or has no load
WARNING: [Synth 8-7129] Port scan_mode in module rvdffe__13 is either unconnected or has no load
WARNING: [Synth 8-7129] Port scan_mode in module rvdffe__12 is either unconnected or has no load
WARNING: [Synth 8-7129] Port scan_mode in module rvdffe__11 is either unconnected or has no load
WARNING: [Synth 8-7129] Port scan_mode in module rvdffe__10 is either unconnected or has no load
WARNING: [Synth 8-7129] Port scan_mode in module rvdffe__9 is either unconnected or has no load
WARNING: [Synth 8-7129] Port scan_mode in module rvdffe__8 is either unconnected or has no load
WARNING: [Synth 8-7129] Port scan_mode in module rvdffe__7 is either unconnected or has no load
WARNING: [Synth 8-7129] Port scan_mode in module rvdffe__6 is either unconnected or has no load
WARNING: [Synth 8-7129] Port scan_mode in module rvdffe__5 is either unconnected or has no load
WARNING: [Synth 8-7129] Port scan_mode in module rvdffe__62 is either unconnected or has no load
WARNING: [Synth 8-7129] Port scan_mode in module rvdffe__61 is either unconnected or has no load
WARNING: [Synth 8-7129] Port scan_mode in module rvdffe__60 is either unconnected or has no load
WARNING: [Synth 8-7129] Port scan_mode in module rvdffe__59 is either unconnected or has no load
WARNING: [Synth 8-7129] Port scan_mode in module rvdffe__58 is either unconnected or has no load
WARNING: [Synth 8-7129] Port scan_mode in module rvdffe__57 is either unconnected or has no load
WARNING: [Synth 8-7129] Port scan_mode in module rvdffe__56 is either unconnected or has no load
WARNING: [Synth 8-7129] Port scan_mode in module rvdffe__55 is either unconnected or has no load
WARNING: [Synth 8-7129] Port scan_mode in module rvdffe__54 is either unconnected or has no load
WARNING: [Synth 8-7129] Port scan_mode in module rvdffe__53 is either unconnected or has no load
WARNING: [Synth 8-7129] Port scan_mode in module rvdffe__52 is either unconnected or has no load
WARNING: [Synth 8-7129] Port scan_mode in module rvdffe__51 is either unconnected or has no load
WARNING: [Synth 8-7129] Port scan_mode in module rvdffe__50 is either unconnected or has no load
WARNING: [Synth 8-7129] Port scan_mode in module rvdffe__49 is either unconnected or has no load
WARNING: [Synth 8-7129] Port scan_mode in module rvdffe__parameterized5__3 is either unconnected or has no load
WARNING: [Synth 8-7129] Port scan_mode in module rvdffe__48 is either unconnected or has no load
WARNING: [Synth 8-7129] Port scan_mode in module rvdffe__47 is either unconnected or has no load
WARNING: [Synth 8-7129] Port scan_mode in module rvdffe__46 is either unconnected or has no load
WARNING: [Synth 8-7129] Port scan_mode in module rvdffe__45 is either unconnected or has no load
WARNING: [Synth 8-7129] Port scan_mode in module rvdffe__44 is either unconnected or has no load
WARNING: [Synth 8-7129] Port scan_mode in module rvdffe__43 is either unconnected or has no load
WARNING: [Synth 8-7129] Port scan_mode in module rvdffe__42 is either unconnected or has no load
WARNING: [Synth 8-7129] Port scan_mode in module rvdffe__41 is either unconnected or has no load
WARNING: [Synth 8-7129] Port scan_mode in module rvdffe__parameterized5__2 is either unconnected or has no load
WARNING: [Synth 8-7129] Port scan_mode in module rvdffpcie__7 is either unconnected or has no load
WARNING: [Synth 8-7129] Port scan_mode in module rvdffpcie__6 is either unconnected or has no load
WARNING: [Synth 8-7129] Port scan_mode in module rvdffe__40 is either unconnected or has no load
WARNING: [Synth 8-7129] Port scan_mode in module rvdffe__39 is either unconnected or has no load
WARNING: [Synth 8-7129] Port scan_mode in module rvdffe__parameterized12 is either unconnected or has no load
WARNING: [Synth 8-7129] Port scan_mode in module rvdffe__38 is either unconnected or has no load
WARNING: [Synth 8-7129] Port scan_mode in module rvdffe__parameterized12__3 is either unconnected or has no load
WARNING: [Synth 8-7129] Port scan_mode in module rvdffe__parameterized5__1 is either unconnected or has no load
WARNING: [Synth 8-7129] Port scan_mode in module rvdffie__parameterized11 is either unconnected or has no load
WARNING: [Synth 8-7129] Port scan_mode in module rvdffpcie__5 is either unconnected or has no load
WARNING: [Synth 8-7129] Port scan_mode in module rvdffie__parameterized0__1 is either unconnected or has no load
WARNING: [Synth 8-7129] Port scan_mode in module rvdffie__parameterized10 is either unconnected or has no load
WARNING: [Synth 8-7129] Port scan_mode in module rvdffie__parameterized9 is either unconnected or has no load
WARNING: [Synth 8-7129] Port scan_mode in module rvdffie__parameterized2__1 is either unconnected or has no load
WARNING: [Synth 8-7129] Port scan_mode in module el2_dec_timer_ctl is either unconnected or has no load
WARNING: [Synth 8-7129] Port scan_mode in module rvdffie__parameterized8 is either unconnected or has no load
WARNING: [Synth 8-7129] Port lsu_fastint_stall_any in module el2_dec_tlu_ctl is either unconnected or has no load
WARNING: [Synth 8-7129] Port lsu_fir_addr[31] in module el2_dec_tlu_ctl is either unconnected or has no load
WARNING: [Synth 8-7129] Port lsu_fir_addr[30] in module el2_dec_tlu_ctl is either unconnected or has no load
WARNING: [Synth 8-7129] Port lsu_fir_addr[29] in module el2_dec_tlu_ctl is either unconnected or has no load
WARNING: [Synth 8-7129] Port lsu_fir_addr[28] in module el2_dec_tlu_ctl is either unconnected or has no load
WARNING: [Synth 8-7129] Port lsu_fir_addr[27] in module el2_dec_tlu_ctl is either unconnected or has no load
WARNING: [Synth 8-7129] Port lsu_fir_addr[26] in module el2_dec_tlu_ctl is either unconnected or has no load
WARNING: [Synth 8-7129] Port lsu_fir_addr[25] in module el2_dec_tlu_ctl is either unconnected or has no load
WARNING: [Synth 8-7129] Port lsu_fir_addr[24] in module el2_dec_tlu_ctl is either unconnected or has no load
WARNING: [Synth 8-7129] Port lsu_fir_addr[23] in module el2_dec_tlu_ctl is either unconnected or has no load
WARNING: [Synth 8-7129] Port lsu_fir_addr[22] in module el2_dec_tlu_ctl is either unconnected or has no load
WARNING: [Synth 8-7129] Port lsu_fir_addr[21] in module el2_dec_tlu_ctl is either unconnected or has no load
WARNING: [Synth 8-7129] Port lsu_fir_addr[20] in module el2_dec_tlu_ctl is either unconnected or has no load
WARNING: [Synth 8-7129] Port lsu_fir_addr[19] in module el2_dec_tlu_ctl is either unconnected or has no load
WARNING: [Synth 8-7129] Port lsu_fir_addr[18] in module el2_dec_tlu_ctl is either unconnected or has no load
WARNING: [Synth 8-7129] Port lsu_fir_addr[17] in module el2_dec_tlu_ctl is either unconnected or has no load
WARNING: [Synth 8-7129] Port lsu_fir_addr[16] in module el2_dec_tlu_ctl is either unconnected or has no load
WARNING: [Synth 8-7129] Port lsu_fir_addr[15] in module el2_dec_tlu_ctl is either unconnected or has no load
WARNING: [Synth 8-7129] Port lsu_fir_addr[14] in module el2_dec_tlu_ctl is either unconnected or has no load
WARNING: [Synth 8-7129] Port lsu_fir_addr[13] in module el2_dec_tlu_ctl is either unconnected or has no load
WARNING: [Synth 8-7129] Port lsu_fir_addr[12] in module el2_dec_tlu_ctl is either unconnected or has no load
INFO: [Common 17-14] Message 'Synth 8-7129' appears 100 times and further instances of the messages will be disabled. Use the Tcl command set_msg_config to change the current settings.
