xilinx rtfpga
rt::do_reinfer_area_combined 1
WARNING: [Synth 8-7129] Port test_i in module axi_mux is either unconnected or has no load
WARNING: [Synth 8-7129] Port test_i in module axi_mux__2 is either unconnected or has no load
WARNING: [Synth 8-7129] Port test_i in module axi_mux__1 is either unconnected or has no load
WARNING: [Synth 8-7129] Port test_i in module axi_err_slv is either unconnected or has no load
WARNING: [Synth 8-7129] Port slv_req_i[aw][addr][31] in module axi_err_slv is either unconnected or has no load
WARNING: [Synth 8-7129] Port slv_req_i[aw][addr][30] in module axi_err_slv is either unconnected or has no load
WARNING: [Synth 8-7129] Port slv_req_i[aw][addr][29] in module axi_err_slv is either unconnected or has no load
WARNING: [Synth 8-7129] Port slv_req_i[aw][addr][28] in module axi_err_slv is either unconnected or has no load
WARNING: [Synth 8-7129] Port slv_req_i[aw][addr][27] in module axi_err_slv is either unconnected or has no load
WARNING: [Synth 8-7129] Port slv_req_i[aw][addr][26] in module axi_err_slv is either unconnected or has no load
WARNING: [Synth 8-7129] Port slv_req_i[aw][addr][25] in module axi_err_slv is either unconnected or has no load
WARNING: [Synth 8-7129] Port slv_req_i[aw][addr][24] in module axi_err_slv is either unconnected or has no load
WARNING: [Synth 8-7129] Port slv_req_i[aw][addr][23] in module axi_err_slv is either unconnected or has no load
WARNING: [Synth 8-7129] Port slv_req_i[aw][addr][22] in module axi_err_slv is either unconnected or has no load
WARNING: [Synth 8-7129] Port slv_req_i[aw][addr][21] in module axi_err_slv is either unconnected or has no load
WARNING: [Synth 8-7129] Port slv_req_i[aw][addr][20] in module axi_err_slv is either unconnected or has no load
WARNING: [Synth 8-7129] Port slv_req_i[aw][addr][19] in module axi_err_slv is either unconnected or has no load
WARNING: [Synth 8-7129] Port slv_req_i[aw][addr][18] in module axi_err_slv is either unconnected or has no load
WARNING: [Synth 8-7129] Port slv_req_i[aw][addr][17] in module axi_err_slv is either unconnected or has no load
WARNING: [Synth 8-7129] Port slv_req_i[aw][addr][16] in module axi_err_slv is either unconnected or has no load
WARNING: [Synth 8-7129] Port slv_req_i[aw][addr][15] in module axi_err_slv is either unconnected or has no load
WARNING: [Synth 8-7129] Port slv_req_i[aw][addr][14] in module axi_err_slv is either unconnected or has no load
WARNING: [Synth 8-7129] Port slv_req_i[aw][addr][13] in module axi_err_slv is either unconnected or has no load
WARNING: [Synth 8-7129] Port slv_req_i[aw][addr][12] in module axi_err_slv is either unconnected or has no load
WARNING: [Synth 8-7129] Port slv_req_i[aw][addr][11] in module axi_err_slv is either unconnected or has no load
WARNING: [Synth 8-7129] Port slv_req_i[aw][addr][10] in module axi_err_slv is either unconnected or has no load
WARNING: [Synth 8-7129] Port slv_req_i[aw][addr][9] in module axi_err_slv is either unconnected or has no load
WARNING: [Synth 8-7129] Port slv_req_i[aw][addr][8] in module axi_err_slv is either unconnected or has no load
WARNING: [Synth 8-7129] Port slv_req_i[aw][addr][7] in module axi_err_slv is either unconnected or has no load
WARNING: [Synth 8-7129] Port slv_req_i[aw][addr][6] in module axi_err_slv is either unconnected or has no load
WARNING: [Synth 8-7129] Port slv_req_i[aw][addr][5] in module axi_err_slv is either unconnected or has no load
WARNING: [Synth 8-7129] Port slv_req_i[aw][addr][4] in module axi_err_slv is either unconnected or has no load
WARNING: [Synth 8-7129] Port slv_req_i[aw][addr][3] in module axi_err_slv is either unconnected or has no load
WARNING: [Synth 8-7129] Port slv_req_i[aw][addr][2] in module axi_err_slv is either unconnected or has no load
WARNING: [Synth 8-7129] Port slv_req_i[aw][addr][1] in module axi_err_slv is either unconnected or has no load
WARNING: [Synth 8-7129] Port slv_req_i[aw][addr][0] in module axi_err_slv is either unconnected or has no load
WARNING: [Synth 8-7129] Port slv_req_i[aw][len][7] in module axi_err_slv is either unconnected or has no load
WARNING: [Synth 8-7129] Port slv_req_i[aw][len][6] in module axi_err_slv is either unconnected or has no load
WARNING: [Synth 8-7129] Port slv_req_i[aw][len][5] in module axi_err_slv is either unconnected or has no load
WARNING: [Synth 8-7129] Port slv_req_i[aw][len][4] in module axi_err_slv is either unconnected or has no load
WARNING: [Synth 8-7129] Port slv_req_i[aw][len][3] in module axi_err_slv is either unconnected or has no load
WARNING: [Synth 8-7129] Port slv_req_i[aw][len][2] in module axi_err_slv is either unconnected or has no load
WARNING: [Synth 8-7129] Port slv_req_i[aw][len][1] in module axi_err_slv is either unconnected or has no load
WARNING: [Synth 8-7129] Port slv_req_i[aw][len][0] in module axi_err_slv is either unconnected or has no load
WARNING: [Synth 8-7129] Port slv_req_i[aw][size][2] in module axi_err_slv is either unconnected or has no load
WARNING: [Synth 8-7129] Port slv_req_i[aw][size][1] in module axi_err_slv is either unconnected or has no load
WARNING: [Synth 8-7129] Port slv_req_i[aw][size][0] in module axi_err_slv is either unconnected or has no load
WARNING: [Synth 8-7129] Port slv_req_i[aw][burst][1] in module axi_err_slv is either unconnected or has no load
WARNING: [Synth 8-7129] Port slv_req_i[aw][burst][0] in module axi_err_slv is either unconnected or has no load
WARNING: [Synth 8-7129] Port slv_req_i[aw][lock] in module axi_err_slv is either unconnected or has no load
WARNING: [Synth 8-7129] Port slv_req_i[aw][cache][3] in module axi_err_slv is either unconnected or has no load
WARNING: [Synth 8-7129] Port slv_req_i[aw][cache][2] in module axi_err_slv is either unconnected or has no load
WARNING: [Synth 8-7129] Port slv_req_i[aw][cache][1] in module axi_err_slv is either unconnected or has no load
WARNING: [Synth 8-7129] Port slv_req_i[aw][cache][0] in module axi_err_slv is either unconnected or has no load
WARNING: [Synth 8-7129] Port slv_req_i[aw][prot][2] in module axi_err_slv is either unconnected or has no load
WARNING: [Synth 8-7129] Port slv_req_i[aw][prot][1] in module axi_err_slv is either unconnected or has no load
WARNING: [Synth 8-7129] Port slv_req_i[aw][prot][0] in module axi_err_slv is either unconnected or has no load
WARNING: [Synth 8-7129] Port slv_req_i[aw][qos][3] in module axi_err_slv is either unconnected or has no load
WARNING: [Synth 8-7129] Port slv_req_i[aw][qos][2] in module axi_err_slv is either unconnected or has no load
WARNING: [Synth 8-7129] Port slv_req_i[aw][qos][1] in module axi_err_slv is either unconnected or has no load
WARNING: [Synth 8-7129] Port slv_req_i[aw][qos][0] in module axi_err_slv is either unconnected or has no load
WARNING: [Synth 8-7129] Port slv_req_i[aw][region][3] in module axi_err_slv is either unconnected or has no load
WARNING: [Synth 8-7129] Port slv_req_i[aw][region][2] in module axi_err_slv is either unconnected or has no load
WARNING: [Synth 8-7129] Port slv_req_i[aw][region][1] in module axi_err_slv is either unconnected or has no load
WARNING: [Synth 8-7129] Port slv_req_i[aw][region][0] in module axi_err_slv is either unconnected or has no load
WARNING: [Synth 8-7129] Port slv_req_i[aw][atop][5] in module axi_err_slv is either unconnected or has no load
WARNING: [Synth 8-7129] Port slv_req_i[aw][atop][4] in module axi_err_slv is either unconnected or has no load
WARNING: [Synth 8-7129] Port slv_req_i[aw][atop][3] in module axi_err_slv is either unconnected or has no load
WARNING: [Synth 8-7129] Port slv_req_i[aw][atop][2] in module axi_err_slv is either unconnected or has no load
WARNING: [Synth 8-7129] Port slv_req_i[aw][atop][1] in module axi_err_slv is either unconnected or has no load
WARNING: [Synth 8-7129] Port slv_req_i[aw][atop][0] in module axi_err_slv is either unconnected or has no load
WARNING: [Synth 8-7129] Port slv_req_i[aw][user][0] in module axi_err_slv is either unconnected or has no load
WARNING: [Synth 8-7129] Port slv_req_i[w][data][63] in module axi_err_slv is either unconnected or has no load
WARNING: [Synth 8-7129] Port slv_req_i[w][data][62] in module axi_err_slv is either unconnected or has no load
WARNING: [Synth 8-7129] Port slv_req_i[w][data][61] in module axi_err_slv is either unconnected or has no load
WARNING: [Synth 8-7129] Port slv_req_i[w][data][60] in module axi_err_slv is either unconnected or has no load
WARNING: [Synth 8-7129] Port slv_req_i[w][data][59] in module axi_err_slv is either unconnected or has no load
WARNING: [Synth 8-7129] Port slv_req_i[w][data][58] in module axi_err_slv is either unconnected or has no load
WARNING: [Synth 8-7129] Port slv_req_i[w][data][57] in module axi_err_slv is either unconnected or has no load
WARNING: [Synth 8-7129] Port slv_req_i[w][data][56] in module axi_err_slv is either unconnected or has no load
WARNING: [Synth 8-7129] Port slv_req_i[w][data][55] in module axi_err_slv is either unconnected or has no load
WARNING: [Synth 8-7129] Port slv_req_i[w][data][54] in module axi_err_slv is either unconnected or has no load
WARNING: [Synth 8-7129] Port slv_req_i[w][data][53] in module axi_err_slv is either unconnected or has no load
WARNING: [Synth 8-7129] Port slv_req_i[w][data][52] in module axi_err_slv is either unconnected or has no load
WARNING: [Synth 8-7129] Port slv_req_i[w][data][51] in module axi_err_slv is either unconnected or has no load
WARNING: [Synth 8-7129] Port slv_req_i[w][data][50] in module axi_err_slv is either unconnected or has no load
WARNING: [Synth 8-7129] Port slv_req_i[w][data][49] in module axi_err_slv is either unconnected or has no load
WARNING: [Synth 8-7129] Port slv_req_i[w][data][48] in module axi_err_slv is either unconnected or has no load
WARNING: [Synth 8-7129] Port slv_req_i[w][data][47] in module axi_err_slv is either unconnected or has no load
WARNING: [Synth 8-7129] Port slv_req_i[w][data][46] in module axi_err_slv is either unconnected or has no load
WARNING: [Synth 8-7129] Port slv_req_i[w][data][45] in module axi_err_slv is either unconnected or has no load
WARNING: [Synth 8-7129] Port slv_req_i[w][data][44] in module axi_err_slv is either unconnected or has no load
WARNING: [Synth 8-7129] Port slv_req_i[w][data][43] in module axi_err_slv is either unconnected or has no load
WARNING: [Synth 8-7129] Port slv_req_i[w][data][42] in module axi_err_slv is either unconnected or has no load
WARNING: [Synth 8-7129] Port slv_req_i[w][data][41] in module axi_err_slv is either unconnected or has no load
WARNING: [Synth 8-7129] Port slv_req_i[w][data][40] in module axi_err_slv is either unconnected or has no load
WARNING: [Synth 8-7129] Port slv_req_i[w][data][39] in module axi_err_slv is either unconnected or has no load
WARNING: [Synth 8-7129] Port slv_req_i[w][data][38] in module axi_err_slv is either unconnected or has no load
WARNING: [Synth 8-7129] Port slv_req_i[w][data][37] in module axi_err_slv is either unconnected or has no load
WARNING: [Synth 8-7129] Port slv_req_i[w][data][36] in module axi_err_slv is either unconnected or has no load
INFO: [Common 17-14] Message 'Synth 8-7129' appears 100 times and further instances of the messages will be disabled. Use the Tcl command set_msg_config to change the current settings.
INFO: [Synth 8-3333] propagating constant 0 across sequential element (\axi_intercon/axi_xbar /\gen_slv_port_demux[0].i_axi_err_slv /\i_w_fifo/read_pointer_q_reg[0] )
INFO: [Synth 8-3333] propagating constant 0 across sequential element (\axi_intercon/axi_xbar /\gen_slv_port_demux[0].i_axi_err_slv /\i_w_fifo/read_pointer_q_reg[1] )
INFO: [Synth 8-3333] propagating constant 0 across sequential element (\axi_intercon/axi_xbar /\gen_slv_port_demux[0].i_axi_err_slv /\i_b_fifo/write_pointer_q_reg[0] )
INFO: [Synth 8-3886] merging instance 'axi_intercon/axi_xbar/gen_slv_port_demux[0].i_axi_err_slv/i_b_fifo/mem_q_reg[1][3]' (FDCE) to 'axi_intercon/axi_xbar/gen_slv_port_demux[0].i_axi_err_slv/i_b_fifo/mem_q_reg[0][3]'
INFO: [Synth 8-3333] propagating constant 0 across sequential element (\axi_intercon/axi_xbar /\gen_slv_port_demux[0].i_axi_err_slv /\i_b_fifo/mem_q_reg[0][3] )
INFO: [Synth 8-3886] merging instance 'axi_intercon/axi_xbar/gen_slv_port_demux[0].i_axi_err_slv/i_b_fifo/mem_q_reg[1][2]' (FDCE) to 'axi_intercon/axi_xbar/gen_slv_port_demux[0].i_axi_err_slv/i_b_fifo/mem_q_reg[0][2]'
INFO: [Synth 8-3333] propagating constant 0 across sequential element (\axi_intercon/axi_xbar /\gen_slv_port_demux[0].i_axi_err_slv /\i_b_fifo/mem_q_reg[0][2] )
INFO: [Synth 8-3886] merging instance 'axi_intercon/axi_xbar/gen_slv_port_demux[0].i_axi_err_slv/i_b_fifo/mem_q_reg[1][1]' (FDCE) to 'axi_intercon/axi_xbar/gen_slv_port_demux[0].i_axi_err_slv/i_b_fifo/mem_q_reg[0][1]'
INFO: [Synth 8-3333] propagating constant 0 across sequential element (\axi_intercon/axi_xbar /\gen_slv_port_demux[0].i_axi_err_slv /\i_b_fifo/mem_q_reg[0][1] )
INFO: [Synth 8-3886] merging instance 'axi_intercon/axi_xbar/gen_slv_port_demux[0].i_axi_err_slv/i_b_fifo/mem_q_reg[1][0]' (FDCE) to 'axi_intercon/axi_xbar/gen_slv_port_demux[0].i_axi_err_slv/i_b_fifo/mem_q_reg[0][0]'
INFO: [Synth 8-3333] propagating constant 0 across sequential element (\axi_intercon/axi_xbar /\gen_slv_port_demux[0].i_axi_err_slv /\i_b_fifo/read_pointer_q_reg[0] )
INFO: [Synth 8-3333] propagating constant 0 across sequential element (\axi_intercon/axi_xbar /\gen_slv_port_demux[0].i_axi_err_slv /\i_b_fifo/mem_q_reg[0][0] )
INFO: [Synth 8-3886] merging instance 'axi_intercon/axi_xbar/gen_slv_port_demux[0].i_axi_demux/gen_demux.i_aw_spill_reg/gen_spill_reg.a_data_q_reg[aw_chan][atop][5]' (FDCE) to 'axi_intercon/axi_xbar/gen_slv_port_demux[0].i_axi_demux/gen_demux.i_aw_spill_reg/gen_spill_reg.a_data_q_reg[aw_chan][id][3]'
INFO: [Synth 8-3886] merging instance 'axi_intercon/axi_xbar/gen_slv_port_demux[0].i_axi_demux/gen_demux.i_aw_spill_reg/gen_spill_reg.b_data_q_reg[aw_chan][atop][5]' (FDCE) to 'axi_intercon/axi_xbar/gen_slv_port_demux[0].i_axi_demux/gen_demux.i_aw_spill_reg/gen_spill_reg.b_data_q_reg[aw_chan][id][3]'
INFO: [Synth 8-3886] merging instance 'axi_intercon/axi_xbar/gen_slv_port_demux[0].i_axi_demux/gen_demux.i_aw_spill_reg/gen_spill_reg.a_data_q_reg[aw_chan][qos][0]' (FDCE) to 'axi_intercon/axi_xbar/gen_slv_port_demux[0].i_axi_demux/gen_demux.i_aw_spill_reg/gen_spill_reg.a_data_q_reg[aw_chan][id][3]'
INFO: [Synth 8-3886] merging instance 'axi_intercon/axi_xbar/gen_slv_port_demux[0].i_axi_demux/gen_demux.i_aw_spill_reg/gen_spill_reg.b_data_q_reg[aw_chan][qos][0]' (FDCE) to 'axi_intercon/axi_xbar/gen_slv_port_demux[0].i_axi_demux/gen_demux.i_aw_spill_reg/gen_spill_reg.b_data_q_reg[aw_chan][id][3]'
INFO: [Synth 8-3886] merging instance 'axi_intercon/axi_xbar/gen_slv_port_demux[0].i_axi_demux/gen_demux.i_aw_spill_reg/gen_spill_reg.a_data_q_reg[aw_chan][qos][1]' (FDCE) to 'axi_intercon/axi_xbar/gen_slv_port_demux[0].i_axi_demux/gen_demux.i_aw_spill_reg/gen_spill_reg.a_data_q_reg[aw_chan][id][3]'
INFO: [Synth 8-3886] merging instance 'axi_intercon/axi_xbar/gen_slv_port_demux[0].i_axi_demux/gen_demux.i_aw_spill_reg/gen_spill_reg.b_data_q_reg[aw_chan][qos][1]' (FDCE) to 'axi_intercon/axi_xbar/gen_slv_port_demux[0].i_axi_demux/gen_demux.i_aw_spill_reg/gen_spill_reg.b_data_q_reg[aw_chan][id][3]'
INFO: [Synth 8-3886] merging instance 'axi_intercon/axi_xbar/gen_slv_port_demux[0].i_axi_demux/gen_demux.i_aw_spill_reg/gen_spill_reg.a_data_q_reg[aw_chan][qos][2]' (FDCE) to 'axi_intercon/axi_xbar/gen_slv_port_demux[0].i_axi_demux/gen_demux.i_aw_spill_reg/gen_spill_reg.a_data_q_reg[aw_chan][id][3]'
INFO: [Synth 8-3886] merging instance 'axi_intercon/axi_xbar/gen_slv_port_demux[0].i_axi_demux/gen_demux.i_aw_spill_reg/gen_spill_reg.b_data_q_reg[aw_chan][qos][2]' (FDCE) to 'axi_intercon/axi_xbar/gen_slv_port_demux[0].i_axi_demux/gen_demux.i_aw_spill_reg/gen_spill_reg.b_data_q_reg[aw_chan][id][3]'
INFO: [Synth 8-3886] merging instance 'axi_intercon/axi_xbar/gen_slv_port_demux[0].i_axi_demux/gen_demux.i_aw_spill_reg/gen_spill_reg.a_data_q_reg[aw_chan][qos][3]' (FDCE) to 'axi_intercon/axi_xbar/gen_slv_port_demux[0].i_axi_demux/gen_demux.i_aw_spill_reg/gen_spill_reg.a_data_q_reg[aw_chan][id][3]'
INFO: [Synth 8-3886] merging instance 'axi_intercon/axi_xbar/gen_slv_port_demux[0].i_axi_demux/gen_demux.i_aw_spill_reg/gen_spill_reg.b_data_q_reg[aw_chan][qos][3]' (FDCE) to 'axi_intercon/axi_xbar/gen_slv_port_demux[0].i_axi_demux/gen_demux.i_aw_spill_reg/gen_spill_reg.b_data_q_reg[aw_chan][id][3]'
INFO: [Synth 8-3886] merging instance 'axi_intercon/axi_xbar/gen_slv_port_demux[0].i_axi_demux/gen_demux.i_aw_spill_reg/gen_spill_reg.a_data_q_reg[aw_chan][region][0]' (FDCE) to 'axi_intercon/axi_xbar/gen_slv_port_demux[0].i_axi_demux/gen_demux.i_aw_spill_reg/gen_spill_reg.a_data_q_reg[aw_chan][id][3]'
INFO: [Synth 8-3886] merging instance 'axi_intercon/axi_xbar/gen_slv_port_demux[0].i_axi_demux/gen_demux.i_aw_spill_reg/gen_spill_reg.b_data_q_reg[aw_chan][region][0]' (FDCE) to 'axi_intercon/axi_xbar/gen_slv_port_demux[0].i_axi_demux/gen_demux.i_aw_spill_reg/gen_spill_reg.b_data_q_reg[aw_chan][id][3]'
INFO: [Synth 8-3886] merging instance 'axi_intercon/axi_xbar/gen_slv_port_demux[0].i_axi_demux/gen_demux.i_aw_spill_reg/gen_spill_reg.a_data_q_reg[aw_chan][region][1]' (FDCE) to 'axi_intercon/axi_xbar/gen_slv_port_demux[0].i_axi_demux/gen_demux.i_aw_spill_reg/gen_spill_reg.a_data_q_reg[aw_chan][id][3]'
INFO: [Synth 8-3886] merging instance 'axi_intercon/axi_xbar/gen_slv_port_demux[0].i_axi_demux/gen_demux.i_aw_spill_reg/gen_spill_reg.b_data_q_reg[aw_chan][region][1]' (FDCE) to 'axi_intercon/axi_xbar/gen_slv_port_demux[0].i_axi_demux/gen_demux.i_aw_spill_reg/gen_spill_reg.b_data_q_reg[aw_chan][id][3]'
INFO: [Synth 8-3886] merging instance 'axi_intercon/axi_xbar/gen_slv_port_demux[0].i_axi_demux/gen_demux.i_aw_spill_reg/gen_spill_reg.a_data_q_reg[aw_chan][region][2]' (FDCE) to 'axi_intercon/axi_xbar/gen_slv_port_demux[0].i_axi_demux/gen_demux.i_aw_spill_reg/gen_spill_reg.a_data_q_reg[aw_chan][id][3]'
INFO: [Synth 8-3886] merging instance 'axi_intercon/axi_xbar/gen_slv_port_demux[0].i_axi_demux/gen_demux.i_aw_spill_reg/gen_spill_reg.b_data_q_reg[aw_chan][region][2]' (FDCE) to 'axi_intercon/axi_xbar/gen_slv_port_demux[0].i_axi_demux/gen_demux.i_aw_spill_reg/gen_spill_reg.b_data_q_reg[aw_chan][id][3]'
INFO: [Synth 8-3886] merging instance 'axi_intercon/axi_xbar/gen_slv_port_demux[0].i_axi_demux/gen_demux.i_aw_spill_reg/gen_spill_reg.a_data_q_reg[aw_chan][region][3]' (FDCE) to 'axi_intercon/axi_xbar/gen_slv_port_demux[0].i_axi_demux/gen_demux.i_aw_spill_reg/gen_spill_reg.a_data_q_reg[aw_chan][id][3]'
INFO: [Synth 8-3886] merging instance 'axi_intercon/axi_xbar/gen_slv_port_demux[0].i_axi_demux/gen_demux.i_aw_spill_reg/gen_spill_reg.b_data_q_reg[aw_chan][region][3]' (FDCE) to 'axi_intercon/axi_xbar/gen_slv_port_demux[0].i_axi_demux/gen_demux.i_aw_spill_reg/gen_spill_reg.b_data_q_reg[aw_chan][id][3]'
INFO: [Synth 8-3886] merging instance 'axi_intercon/axi_xbar/gen_slv_port_demux[0].i_axi_demux/gen_demux.i_aw_spill_reg/gen_spill_reg.a_data_q_reg[aw_chan][prot][0]' (FDCE) to 'axi_intercon/axi_xbar/gen_slv_port_demux[0].i_axi_demux/gen_demux.i_aw_spill_reg/gen_spill_reg.a_data_q_reg[aw_chan][id][3]'
INFO: [Synth 8-3886] merging instance 'axi_intercon/axi_xbar/gen_slv_port_demux[0].i_axi_demux/gen_demux.i_aw_spill_reg/gen_spill_reg.b_data_q_reg[aw_chan][prot][0]' (FDCE) to 'axi_intercon/axi_xbar/gen_slv_port_demux[0].i_axi_demux/gen_demux.i_aw_spill_reg/gen_spill_reg.b_data_q_reg[aw_chan][id][3]'
INFO: [Synth 8-3886] merging instance 'axi_intercon/axi_xbar/gen_slv_port_demux[0].i_axi_demux/gen_demux.i_aw_spill_reg/gen_spill_reg.a_data_q_reg[aw_chan][prot][1]' (FDCE) to 'axi_intercon/axi_xbar/gen_slv_port_demux[0].i_axi_demux/gen_demux.i_aw_spill_reg/gen_spill_reg.a_data_q_reg[aw_chan][id][3]'
INFO: [Synth 8-3886] merging instance 'axi_intercon/axi_xbar/gen_slv_port_demux[0].i_axi_demux/gen_demux.i_aw_spill_reg/gen_spill_reg.b_data_q_reg[aw_chan][prot][1]' (FDCE) to 'axi_intercon/axi_xbar/gen_slv_port_demux[0].i_axi_demux/gen_demux.i_aw_spill_reg/gen_spill_reg.b_data_q_reg[aw_chan][id][3]'
INFO: [Synth 8-3886] merging instance 'axi_intercon/axi_xbar/gen_slv_port_demux[0].i_axi_demux/gen_demux.i_aw_spill_reg/gen_spill_reg.a_data_q_reg[aw_chan][prot][2]' (FDCE) to 'axi_intercon/axi_xbar/gen_slv_port_demux[0].i_axi_demux/gen_demux.i_aw_spill_reg/gen_spill_reg.a_data_q_reg[aw_chan][id][3]'
INFO: [Synth 8-3886] merging instance 'axi_intercon/axi_xbar/gen_slv_port_demux[0].i_axi_demux/gen_demux.i_aw_spill_reg/gen_spill_reg.b_data_q_reg[aw_chan][prot][2]' (FDCE) to 'axi_intercon/axi_xbar/gen_slv_port_demux[0].i_axi_demux/gen_demux.i_aw_spill_reg/gen_spill_reg.b_data_q_reg[aw_chan][id][3]'
INFO: [Synth 8-3886] merging instance 'axi_intercon/axi_xbar/gen_slv_port_demux[0].i_axi_demux/gen_demux.i_aw_spill_reg/gen_spill_reg.a_data_q_reg[aw_chan][cache][0]' (FDCE) to 'axi_intercon/axi_xbar/gen_slv_port_demux[0].i_axi_demux/gen_demux.i_aw_spill_reg/gen_spill_reg.a_data_q_reg[aw_chan][id][3]'
INFO: [Synth 8-3886] merging instance 'axi_intercon/axi_xbar/gen_slv_port_demux[0].i_axi_demux/gen_demux.i_aw_spill_reg/gen_spill_reg.b_data_q_reg[aw_chan][cache][0]' (FDCE) to 'axi_intercon/axi_xbar/gen_slv_port_demux[0].i_axi_demux/gen_demux.i_aw_spill_reg/gen_spill_reg.b_data_q_reg[aw_chan][id][3]'
INFO: [Synth 8-3886] merging instance 'axi_intercon/axi_xbar/gen_slv_port_demux[0].i_axi_demux/gen_demux.i_aw_spill_reg/gen_spill_reg.a_data_q_reg[aw_chan][cache][1]' (FDCE) to 'axi_intercon/axi_xbar/gen_slv_port_demux[0].i_axi_demux/gen_demux.i_aw_spill_reg/gen_spill_reg.a_data_q_reg[aw_chan][id][3]'
INFO: [Synth 8-3886] merging instance 'axi_intercon/axi_xbar/gen_slv_port_demux[0].i_axi_demux/gen_demux.i_aw_spill_reg/gen_spill_reg.b_data_q_reg[aw_chan][cache][1]' (FDCE) to 'axi_intercon/axi_xbar/gen_slv_port_demux[0].i_axi_demux/gen_demux.i_aw_spill_reg/gen_spill_reg.b_data_q_reg[aw_chan][id][3]'
INFO: [Synth 8-3886] merging instance 'axi_intercon/axi_xbar/gen_slv_port_demux[0].i_axi_demux/gen_demux.i_aw_spill_reg/gen_spill_reg.a_data_q_reg[aw_chan][cache][2]' (FDCE) to 'axi_intercon/axi_xbar/gen_slv_port_demux[0].i_axi_demux/gen_demux.i_aw_spill_reg/gen_spill_reg.a_data_q_reg[aw_chan][id][3]'
INFO: [Synth 8-3886] merging instance 'axi_intercon/axi_xbar/gen_slv_port_demux[0].i_axi_demux/gen_demux.i_aw_spill_reg/gen_spill_reg.b_data_q_reg[aw_chan][cache][2]' (FDCE) to 'axi_intercon/axi_xbar/gen_slv_port_demux[0].i_axi_demux/gen_demux.i_aw_spill_reg/gen_spill_reg.b_data_q_reg[aw_chan][id][3]'
INFO: [Synth 8-3886] merging instance 'axi_intercon/axi_xbar/gen_slv_port_demux[0].i_axi_demux/gen_demux.i_aw_spill_reg/gen_spill_reg.a_data_q_reg[aw_chan][cache][3]' (FDCE) to 'axi_intercon/axi_xbar/gen_slv_port_demux[0].i_axi_demux/gen_demux.i_aw_spill_reg/gen_spill_reg.a_data_q_reg[aw_chan][id][3]'
INFO: [Synth 8-3886] merging instance 'axi_intercon/axi_xbar/gen_slv_port_demux[0].i_axi_demux/gen_demux.i_aw_spill_reg/gen_spill_reg.b_data_q_reg[aw_chan][cache][3]' (FDCE) to 'axi_intercon/axi_xbar/gen_slv_port_demux[0].i_axi_demux/gen_demux.i_aw_spill_reg/gen_spill_reg.b_data_q_reg[aw_chan][id][3]'
INFO: [Synth 8-3886] merging instance 'axi_intercon/axi_xbar/gen_slv_port_demux[0].i_axi_demux/gen_demux.i_aw_spill_reg/gen_spill_reg.a_data_q_reg[aw_chan][lock]' (FDCE) to 'axi_intercon/axi_xbar/gen_slv_port_demux[0].i_axi_demux/gen_demux.i_aw_spill_reg/gen_spill_reg.a_data_q_reg[aw_chan][id][3]'
INFO: [Synth 8-3886] merging instance 'axi_intercon/axi_xbar/gen_slv_port_demux[0].i_axi_demux/gen_demux.i_aw_spill_reg/gen_spill_reg.b_data_q_reg[aw_chan][lock]' (FDCE) to 'axi_intercon/axi_xbar/gen_slv_port_demux[0].i_axi_demux/gen_demux.i_aw_spill_reg/gen_spill_reg.b_data_q_reg[aw_chan][id][3]'
INFO: [Synth 8-3886] merging instance 'axi_intercon/axi_xbar/gen_slv_port_demux[0].i_axi_demux/gen_demux.i_aw_spill_reg/gen_spill_reg.a_data_q_reg[aw_chan][burst][0]' (FDCE) to 'axi_intercon/axi_xbar/gen_slv_port_demux[0].i_axi_demux/gen_demux.i_aw_spill_reg/gen_spill_reg.a_data_q_reg[aw_chan][id][3]'
INFO: [Synth 8-3886] merging instance 'axi_intercon/axi_xbar/gen_slv_port_demux[0].i_axi_demux/gen_demux.i_aw_spill_reg/gen_spill_reg.b_data_q_reg[aw_chan][burst][0]' (FDCE) to 'axi_intercon/axi_xbar/gen_slv_port_demux[0].i_axi_demux/gen_demux.i_aw_spill_reg/gen_spill_reg.b_data_q_reg[aw_chan][id][3]'
INFO: [Synth 8-3886] merging instance 'axi_intercon/axi_xbar/gen_slv_port_demux[0].i_axi_demux/gen_demux.i_aw_spill_reg/gen_spill_reg.a_data_q_reg[aw_chan][burst][1]' (FDCE) to 'axi_intercon/axi_xbar/gen_slv_port_demux[0].i_axi_demux/gen_demux.i_aw_spill_reg/gen_spill_reg.a_data_q_reg[aw_chan][id][3]'
INFO: [Synth 8-3886] merging instance 'axi_intercon/axi_xbar/gen_slv_port_demux[0].i_axi_demux/gen_demux.i_aw_spill_reg/gen_spill_reg.b_data_q_reg[aw_chan][burst][1]' (FDCE) to 'axi_intercon/axi_xbar/gen_slv_port_demux[0].i_axi_demux/gen_demux.i_aw_spill_reg/gen_spill_reg.b_data_q_reg[aw_chan][id][3]'
INFO: [Synth 8-3886] merging instance 'axi_intercon/axi_xbar/gen_slv_port_demux[0].i_axi_demux/gen_demux.i_aw_spill_reg/gen_spill_reg.a_data_q_reg[aw_chan][size][0]' (FDCE) to 'axi_intercon/axi_xbar/gen_slv_port_demux[0].i_axi_demux/gen_demux.i_aw_spill_reg/gen_spill_reg.a_data_q_reg[aw_chan][id][3]'
INFO: [Synth 8-3886] merging instance 'axi_intercon/axi_xbar/gen_slv_port_demux[0].i_axi_demux/gen_demux.i_aw_spill_reg/gen_spill_reg.b_data_q_reg[aw_chan][size][0]' (FDCE) to 'axi_intercon/axi_xbar/gen_slv_port_demux[0].i_axi_demux/gen_demux.i_aw_spill_reg/gen_spill_reg.b_data_q_reg[aw_chan][id][3]'
INFO: [Synth 8-3886] merging instance 'axi_intercon/axi_xbar/gen_slv_port_demux[0].i_axi_demux/gen_demux.i_aw_spill_reg/gen_spill_reg.a_data_q_reg[aw_chan][size][1]' (FDCE) to 'axi_intercon/axi_xbar/gen_slv_port_demux[0].i_axi_demux/gen_demux.i_aw_spill_reg/gen_spill_reg.a_data_q_reg[aw_chan][id][3]'
INFO: [Synth 8-3886] merging instance 'axi_intercon/axi_xbar/gen_slv_port_demux[0].i_axi_demux/gen_demux.i_aw_spill_reg/gen_spill_reg.b_data_q_reg[aw_chan][size][1]' (FDCE) to 'axi_intercon/axi_xbar/gen_slv_port_demux[0].i_axi_demux/gen_demux.i_aw_spill_reg/gen_spill_reg.b_data_q_reg[aw_chan][id][3]'
INFO: [Synth 8-3886] merging instance 'axi_intercon/axi_xbar/gen_slv_port_demux[0].i_axi_demux/gen_demux.i_aw_spill_reg/gen_spill_reg.a_data_q_reg[aw_chan][size][2]' (FDCE) to 'axi_intercon/axi_xbar/gen_slv_port_demux[0].i_axi_demux/gen_demux.i_aw_spill_reg/gen_spill_reg.a_data_q_reg[aw_chan][id][3]'
INFO: [Synth 8-3886] merging instance 'axi_intercon/axi_xbar/gen_slv_port_demux[0].i_axi_demux/gen_demux.i_aw_spill_reg/gen_spill_reg.b_data_q_reg[aw_chan][size][2]' (FDCE) to 'axi_intercon/axi_xbar/gen_slv_port_demux[0].i_axi_demux/gen_demux.i_aw_spill_reg/gen_spill_reg.b_data_q_reg[aw_chan][id][3]'
INFO: [Synth 8-3886] merging instance 'axi_intercon/axi_xbar/gen_slv_port_demux[0].i_axi_demux/gen_demux.i_aw_spill_reg/gen_spill_reg.a_data_q_reg[aw_chan][len][0]' (FDCE) to 'axi_intercon/axi_xbar/gen_slv_port_demux[0].i_axi_demux/gen_demux.i_aw_spill_reg/gen_spill_reg.a_data_q_reg[aw_chan][id][3]'
INFO: [Synth 8-3886] merging instance 'axi_intercon/axi_xbar/gen_slv_port_demux[0].i_axi_demux/gen_demux.i_aw_spill_reg/gen_spill_reg.b_data_q_reg[aw_chan][len][0]' (FDCE) to 'axi_intercon/axi_xbar/gen_slv_port_demux[0].i_axi_demux/gen_demux.i_aw_spill_reg/gen_spill_reg.b_data_q_reg[aw_chan][id][3]'
INFO: [Synth 8-3886] merging instance 'axi_intercon/axi_xbar/gen_slv_port_demux[0].i_axi_demux/gen_demux.i_aw_spill_reg/gen_spill_reg.a_data_q_reg[aw_chan][len][1]' (FDCE) to 'axi_intercon/axi_xbar/gen_slv_port_demux[0].i_axi_demux/gen_demux.i_aw_spill_reg/gen_spill_reg.a_data_q_reg[aw_chan][id][3]'
INFO: [Synth 8-3886] merging instance 'axi_intercon/axi_xbar/gen_slv_port_demux[0].i_axi_demux/gen_demux.i_aw_spill_reg/gen_spill_reg.b_data_q_reg[aw_chan][len][1]' (FDCE) to 'axi_intercon/axi_xbar/gen_slv_port_demux[0].i_axi_demux/gen_demux.i_aw_spill_reg/gen_spill_reg.b_data_q_reg[aw_chan][id][3]'
INFO: [Synth 8-3886] merging instance 'axi_intercon/axi_xbar/gen_slv_port_demux[0].i_axi_demux/gen_demux.i_aw_spill_reg/gen_spill_reg.a_data_q_reg[aw_chan][len][2]' (FDCE) to 'axi_intercon/axi_xbar/gen_slv_port_demux[0].i_axi_demux/gen_demux.i_aw_spill_reg/gen_spill_reg.a_data_q_reg[aw_chan][id][3]'
INFO: [Synth 8-3886] merging instance 'axi_intercon/axi_xbar/gen_slv_port_demux[0].i_axi_demux/gen_demux.i_aw_spill_reg/gen_spill_reg.b_data_q_reg[aw_chan][len][2]' (FDCE) to 'axi_intercon/axi_xbar/gen_slv_port_demux[0].i_axi_demux/gen_demux.i_aw_spill_reg/gen_spill_reg.b_data_q_reg[aw_chan][id][3]'
INFO: [Synth 8-3886] merging instance 'axi_intercon/axi_xbar/gen_slv_port_demux[0].i_axi_demux/gen_demux.i_aw_spill_reg/gen_spill_reg.a_data_q_reg[aw_chan][len][3]' (FDCE) to 'axi_intercon/axi_xbar/gen_slv_port_demux[0].i_axi_demux/gen_demux.i_aw_spill_reg/gen_spill_reg.a_data_q_reg[aw_chan][id][3]'
INFO: [Synth 8-3886] merging instance 'axi_intercon/axi_xbar/gen_slv_port_demux[0].i_axi_demux/gen_demux.i_aw_spill_reg/gen_spill_reg.b_data_q_reg[aw_chan][len][3]' (FDCE) to 'axi_intercon/axi_xbar/gen_slv_port_demux[0].i_axi_demux/gen_demux.i_aw_spill_reg/gen_spill_reg.b_data_q_reg[aw_chan][id][3]'
INFO: [Synth 8-3886] merging instance 'axi_intercon/axi_xbar/gen_slv_port_demux[0].i_axi_demux/gen_demux.i_aw_spill_reg/gen_spill_reg.a_data_q_reg[aw_chan][len][4]' (FDCE) to 'axi_intercon/axi_xbar/gen_slv_port_demux[0].i_axi_demux/gen_demux.i_aw_spill_reg/gen_spill_reg.a_data_q_reg[aw_chan][id][3]'
INFO: [Synth 8-3886] merging instance 'axi_intercon/axi_xbar/gen_slv_port_demux[0].i_axi_demux/gen_demux.i_aw_spill_reg/gen_spill_reg.b_data_q_reg[aw_chan][len][4]' (FDCE) to 'axi_intercon/axi_xbar/gen_slv_port_demux[0].i_axi_demux/gen_demux.i_aw_spill_reg/gen_spill_reg.b_data_q_reg[aw_chan][id][3]'
INFO: [Synth 8-3886] merging instance 'axi_intercon/axi_xbar/gen_slv_port_demux[0].i_axi_demux/gen_demux.i_aw_spill_reg/gen_spill_reg.a_data_q_reg[aw_chan][len][5]' (FDCE) to 'axi_intercon/axi_xbar/gen_slv_port_demux[0].i_axi_demux/gen_demux.i_aw_spill_reg/gen_spill_reg.a_data_q_reg[aw_chan][id][3]'
INFO: [Synth 8-3886] merging instance 'axi_intercon/axi_xbar/gen_slv_port_demux[0].i_axi_demux/gen_demux.i_aw_spill_reg/gen_spill_reg.b_data_q_reg[aw_chan][len][5]' (FDCE) to 'axi_intercon/axi_xbar/gen_slv_port_demux[0].i_axi_demux/gen_demux.i_aw_spill_reg/gen_spill_reg.b_data_q_reg[aw_chan][id][3]'
INFO: [Synth 8-3886] merging instance 'axi_intercon/axi_xbar/gen_slv_port_demux[0].i_axi_demux/gen_demux.i_aw_spill_reg/gen_spill_reg.a_data_q_reg[aw_chan][len][6]' (FDCE) to 'axi_intercon/axi_xbar/gen_slv_port_demux[0].i_axi_demux/gen_demux.i_aw_spill_reg/gen_spill_reg.a_data_q_reg[aw_chan][id][3]'
INFO: [Synth 8-3886] merging instance 'axi_intercon/axi_xbar/gen_slv_port_demux[0].i_axi_demux/gen_demux.i_aw_spill_reg/gen_spill_reg.b_data_q_reg[aw_chan][len][6]' (FDCE) to 'axi_intercon/axi_xbar/gen_slv_port_demux[0].i_axi_demux/gen_demux.i_aw_spill_reg/gen_spill_reg.b_data_q_reg[aw_chan][id][3]'
INFO: [Synth 8-3886] merging instance 'axi_intercon/axi_xbar/gen_slv_port_demux[0].i_axi_demux/gen_demux.i_aw_spill_reg/gen_spill_reg.a_data_q_reg[aw_chan][len][7]' (FDCE) to 'axi_intercon/axi_xbar/gen_slv_port_demux[0].i_axi_demux/gen_demux.i_aw_spill_reg/gen_spill_reg.a_data_q_reg[aw_chan][id][3]'
INFO: [Synth 8-3886] merging instance 'axi_intercon/axi_xbar/gen_slv_port_demux[0].i_axi_demux/gen_demux.i_aw_spill_reg/gen_spill_reg.b_data_q_reg[aw_chan][len][7]' (FDCE) to 'axi_intercon/axi_xbar/gen_slv_port_demux[0].i_axi_demux/gen_demux.i_aw_spill_reg/gen_spill_reg.b_data_q_reg[aw_chan][id][3]'
INFO: [Synth 8-3886] merging instance 'axi_intercon/axi_xbar/gen_slv_port_demux[0].i_axi_demux/gen_demux.i_aw_spill_reg/gen_spill_reg.a_data_q_reg[aw_chan][addr][0]' (FDCE) to 'axi_intercon/axi_xbar/gen_slv_port_demux[0].i_axi_demux/gen_demux.i_aw_spill_reg/gen_spill_reg.a_data_q_reg[aw_chan][id][3]'
INFO: [Synth 8-3886] merging instance 'axi_intercon/axi_xbar/gen_slv_port_demux[0].i_axi_demux/gen_demux.i_aw_spill_reg/gen_spill_reg.b_data_q_reg[aw_chan][addr][0]' (FDCE) to 'axi_intercon/axi_xbar/gen_slv_port_demux[0].i_axi_demux/gen_demux.i_aw_spill_reg/gen_spill_reg.b_data_q_reg[aw_chan][id][3]'
INFO: [Synth 8-3886] merging instance 'axi_intercon/axi_xbar/gen_slv_port_demux[0].i_axi_demux/gen_demux.i_aw_spill_reg/gen_spill_reg.a_data_q_reg[aw_chan][addr][1]' (FDCE) to 'axi_intercon/axi_xbar/gen_slv_port_demux[0].i_axi_demux/gen_demux.i_aw_spill_reg/gen_spill_reg.a_data_q_reg[aw_chan][id][3]'
INFO: [Synth 8-3886] merging instance 'axi_intercon/axi_xbar/gen_slv_port_demux[0].i_axi_demux/gen_demux.i_aw_spill_reg/gen_spill_reg.b_data_q_reg[aw_chan][addr][1]' (FDCE) to 'axi_intercon/axi_xbar/gen_slv_port_demux[0].i_axi_demux/gen_demux.i_aw_spill_reg/gen_spill_reg.b_data_q_reg[aw_chan][id][3]'
INFO: [Synth 8-3886] merging instance 'axi_intercon/axi_xbar/gen_slv_port_demux[0].i_axi_demux/gen_demux.i_aw_spill_reg/gen_spill_reg.a_data_q_reg[aw_chan][addr][2]' (FDCE) to 'axi_intercon/axi_xbar/gen_slv_port_demux[0].i_axi_demux/gen_demux.i_aw_spill_reg/gen_spill_reg.a_data_q_reg[aw_chan][id][3]'
INFO: [Synth 8-3886] merging instance 'axi_intercon/axi_xbar/gen_slv_port_demux[0].i_axi_demux/gen_demux.i_aw_spill_reg/gen_spill_reg.b_data_q_reg[aw_chan][addr][2]' (FDCE) to 'axi_intercon/axi_xbar/gen_slv_port_demux[0].i_axi_demux/gen_demux.i_aw_spill_reg/gen_spill_reg.b_data_q_reg[aw_chan][id][3]'
INFO: [Synth 8-3886] merging instance 'axi_intercon/axi_xbar/gen_slv_port_demux[0].i_axi_demux/gen_demux.i_aw_spill_reg/gen_spill_reg.a_data_q_reg[aw_chan][addr][3]' (FDCE) to 'axi_intercon/axi_xbar/gen_slv_port_demux[0].i_axi_demux/gen_demux.i_aw_spill_reg/gen_spill_reg.a_data_q_reg[aw_chan][id][3]'
INFO: [Synth 8-3886] merging instance 'axi_intercon/axi_xbar/gen_slv_port_demux[0].i_axi_demux/gen_demux.i_aw_spill_reg/gen_spill_reg.b_data_q_reg[aw_chan][addr][3]' (FDCE) to 'axi_intercon/axi_xbar/gen_slv_port_demux[0].i_axi_demux/gen_demux.i_aw_spill_reg/gen_spill_reg.b_data_q_reg[aw_chan][id][3]'
INFO: [Synth 8-3886] merging instance 'axi_intercon/axi_xbar/gen_slv_port_demux[0].i_axi_demux/gen_demux.i_aw_spill_reg/gen_spill_reg.a_data_q_reg[aw_chan][addr][4]' (FDCE) to 'axi_intercon/axi_xbar/gen_slv_port_demux[0].i_axi_demux/gen_demux.i_aw_spill_reg/gen_spill_reg.a_data_q_reg[aw_chan][id][3]'
INFO: [Synth 8-3886] merging instance 'axi_intercon/axi_xbar/gen_slv_port_demux[0].i_axi_demux/gen_demux.i_aw_spill_reg/gen_spill_reg.b_data_q_reg[aw_chan][addr][4]' (FDCE) to 'axi_intercon/axi_xbar/gen_slv_port_demux[0].i_axi_demux/gen_demux.i_aw_spill_reg/gen_spill_reg.b_data_q_reg[aw_chan][id][3]'
INFO: [Synth 8-3886] merging instance 'axi_intercon/axi_xbar/gen_slv_port_demux[0].i_axi_demux/gen_demux.i_aw_spill_reg/gen_spill_reg.a_data_q_reg[aw_chan][addr][5]' (FDCE) to 'axi_intercon/axi_xbar/gen_slv_port_demux[0].i_axi_demux/gen_demux.i_aw_spill_reg/gen_spill_reg.a_data_q_reg[aw_chan][id][3]'
INFO: [Synth 8-3886] merging instance 'axi_intercon/axi_xbar/gen_slv_port_demux[0].i_axi_demux/gen_demux.i_aw_spill_reg/gen_spill_reg.b_data_q_reg[aw_chan][addr][5]' (FDCE) to 'axi_intercon/axi_xbar/gen_slv_port_demux[0].i_axi_demux/gen_demux.i_aw_spill_reg/gen_spill_reg.b_data_q_reg[aw_chan][id][3]'
INFO: [Synth 8-3886] merging instance 'axi_intercon/axi_xbar/gen_slv_port_demux[0].i_axi_demux/gen_demux.i_aw_spill_reg/gen_spill_reg.a_data_q_reg[aw_chan][addr][6]' (FDCE) to 'axi_intercon/axi_xbar/gen_slv_port_demux[0].i_axi_demux/gen_demux.i_aw_spill_reg/gen_spill_reg.a_data_q_reg[aw_chan][id][3]'
INFO: [Synth 8-3886] merging instance 'axi_intercon/axi_xbar/gen_slv_port_demux[0].i_axi_demux/gen_demux.i_aw_spill_reg/gen_spill_reg.b_data_q_reg[aw_chan][addr][6]' (FDCE) to 'axi_intercon/axi_xbar/gen_slv_port_demux[0].i_axi_demux/gen_demux.i_aw_spill_reg/gen_spill_reg.b_data_q_reg[aw_chan][id][3]'
INFO: [Synth 8-3886] merging instance 'axi_intercon/axi_xbar/gen_slv_port_demux[0].i_axi_demux/gen_demux.i_aw_spill_reg/gen_spill_reg.a_data_q_reg[aw_chan][addr][7]' (FDCE) to 'axi_intercon/axi_xbar/gen_slv_port_demux[0].i_axi_demux/gen_demux.i_aw_spill_reg/gen_spill_reg.a_data_q_reg[aw_chan][id][3]'
INFO: [Synth 8-3886] merging instance 'axi_intercon/axi_xbar/gen_slv_port_demux[0].i_axi_demux/gen_demux.i_aw_spill_reg/gen_spill_reg.b_data_q_reg[aw_chan][addr][7]' (FDCE) to 'axi_intercon/axi_xbar/gen_slv_port_demux[0].i_axi_demux/gen_demux.i_aw_spill_reg/gen_spill_reg.b_data_q_reg[aw_chan][id][3]'
INFO: [Synth 8-3886] merging instance 'axi_intercon/axi_xbar/gen_slv_port_demux[0].i_axi_demux/gen_demux.i_aw_spill_reg/gen_spill_reg.a_data_q_reg[aw_chan][addr][8]' (FDCE) to 'axi_intercon/axi_xbar/gen_slv_port_demux[0].i_axi_demux/gen_demux.i_aw_spill_reg/gen_spill_reg.a_data_q_reg[aw_chan][id][3]'
INFO: [Synth 8-3886] merging instance 'axi_intercon/axi_xbar/gen_slv_port_demux[0].i_axi_demux/gen_demux.i_aw_spill_reg/gen_spill_reg.b_data_q_reg[aw_chan][addr][8]' (FDCE) to 'axi_intercon/axi_xbar/gen_slv_port_demux[0].i_axi_demux/gen_demux.i_aw_spill_reg/gen_spill_reg.b_data_q_reg[aw_chan][id][3]'
INFO: [Synth 8-3886] merging instance 'axi_intercon/axi_xbar/gen_slv_port_demux[0].i_axi_demux/gen_demux.i_aw_spill_reg/gen_spill_reg.a_data_q_reg[aw_chan][addr][9]' (FDCE) to 'axi_intercon/axi_xbar/gen_slv_port_demux[0].i_axi_demux/gen_demux.i_aw_spill_reg/gen_spill_reg.a_data_q_reg[aw_chan][id][3]'
INFO: [Synth 8-3886] merging instance 'axi_intercon/axi_xbar/gen_slv_port_demux[0].i_axi_demux/gen_demux.i_aw_spill_reg/gen_spill_reg.b_data_q_reg[aw_chan][addr][9]' (FDCE) to 'axi_intercon/axi_xbar/gen_slv_port_demux[0].i_axi_demux/gen_demux.i_aw_spill_reg/gen_spill_reg.b_data_q_reg[aw_chan][id][3]'
INFO: [Synth 8-3886] merging instance 'axi_intercon/axi_xbar/gen_slv_port_demux[0].i_axi_demux/gen_demux.i_aw_spill_reg/gen_spill_reg.a_data_q_reg[aw_chan][addr][10]' (FDCE) to 'axi_intercon/axi_xbar/gen_slv_port_demux[0].i_axi_demux/gen_demux.i_aw_spill_reg/gen_spill_reg.a_data_q_reg[aw_chan][id][3]'
INFO: [Synth 8-3886] merging instance 'axi_intercon/axi_xbar/gen_slv_port_demux[0].i_axi_demux/gen_demux.i_aw_spill_reg/gen_spill_reg.b_data_q_reg[aw_chan][addr][10]' (FDCE) to 'axi_intercon/axi_xbar/gen_slv_port_demux[0].i_axi_demux/gen_demux.i_aw_spill_reg/gen_spill_reg.b_data_q_reg[aw_chan][id][3]'
INFO: [Synth 8-3886] merging instance 'axi_intercon/axi_xbar/gen_slv_port_demux[0].i_axi_demux/gen_demux.i_aw_spill_reg/gen_spill_reg.a_data_q_reg[aw_chan][addr][11]' (FDCE) to 'axi_intercon/axi_xbar/gen_slv_port_demux[0].i_axi_demux/gen_demux.i_aw_spill_reg/gen_spill_reg.a_data_q_reg[aw_chan][id][3]'
INFO: [Synth 8-3886] merging instance 'axi_intercon/axi_xbar/gen_slv_port_demux[0].i_axi_demux/gen_demux.i_aw_spill_reg/gen_spill_reg.b_data_q_reg[aw_chan][addr][11]' (FDCE) to 'axi_intercon/axi_xbar/gen_slv_port_demux[0].i_axi_demux/gen_demux.i_aw_spill_reg/gen_spill_reg.b_data_q_reg[aw_chan][id][3]'
INFO: [Synth 8-3886] merging instance 'axi_intercon/axi_xbar/gen_slv_port_demux[0].i_axi_demux/gen_demux.i_aw_spill_reg/gen_spill_reg.a_data_q_reg[aw_chan][addr][12]' (FDCE) to 'axi_intercon/axi_xbar/gen_slv_port_demux[0].i_axi_demux/gen_demux.i_aw_spill_reg/gen_spill_reg.a_data_q_reg[aw_chan][id][3]'
INFO: [Synth 8-3886] merging instance 'axi_intercon/axi_xbar/gen_slv_port_demux[0].i_axi_demux/gen_demux.i_aw_spill_reg/gen_spill_reg.b_data_q_reg[aw_chan][addr][12]' (FDCE) to 'axi_intercon/axi_xbar/gen_slv_port_demux[0].i_axi_demux/gen_demux.i_aw_spill_reg/gen_spill_reg.b_data_q_reg[aw_chan][id][3]'
INFO: [Synth 8-3886] merging instance 'axi_intercon/axi_xbar/gen_slv_port_demux[0].i_axi_demux/gen_demux.i_aw_spill_reg/gen_spill_reg.a_data_q_reg[aw_chan][addr][13]' (FDCE) to 'axi_intercon/axi_xbar/gen_slv_port_demux[0].i_axi_demux/gen_demux.i_aw_spill_reg/gen_spill_reg.a_data_q_reg[aw_chan][id][3]'
INFO: [Synth 8-3886] merging instance 'axi_intercon/axi_xbar/gen_slv_port_demux[0].i_axi_demux/gen_demux.i_aw_spill_reg/gen_spill_reg.b_data_q_reg[aw_chan][addr][13]' (FDCE) to 'axi_intercon/axi_xbar/gen_slv_port_demux[0].i_axi_demux/gen_demux.i_aw_spill_reg/gen_spill_reg.b_data_q_reg[aw_chan][id][3]'
INFO: [Synth 8-3886] merging instance 'axi_intercon/axi_xbar/gen_slv_port_demux[0].i_axi_demux/gen_demux.i_aw_spill_reg/gen_spill_reg.a_data_q_reg[aw_chan][addr][14]' (FDCE) to 'axi_intercon/axi_xbar/gen_slv_port_demux[0].i_axi_demux/gen_demux.i_aw_spill_reg/gen_spill_reg.a_data_q_reg[aw_chan][id][3]'
INFO: [Synth 8-3886] merging instance 'axi_intercon/axi_xbar/gen_slv_port_demux[0].i_axi_demux/gen_demux.i_aw_spill_reg/gen_spill_reg.b_data_q_reg[aw_chan][addr][14]' (FDCE) to 'axi_intercon/axi_xbar/gen_slv_port_demux[0].i_axi_demux/gen_demux.i_aw_spill_reg/gen_spill_reg.b_data_q_reg[aw_chan][id][3]'
INFO: [Synth 8-3886] merging instance 'axi_intercon/axi_xbar/gen_slv_port_demux[0].i_axi_demux/gen_demux.i_aw_spill_reg/gen_spill_reg.a_data_q_reg[aw_chan][addr][15]' (FDCE) to 'axi_intercon/axi_xbar/gen_slv_port_demux[0].i_axi_demux/gen_demux.i_aw_spill_reg/gen_spill_reg.a_data_q_reg[aw_chan][id][3]'
INFO: [Synth 8-3886] merging instance 'axi_intercon/axi_xbar/gen_slv_port_demux[0].i_axi_demux/gen_demux.i_aw_spill_reg/gen_spill_reg.b_data_q_reg[aw_chan][addr][15]' (FDCE) to 'axi_intercon/axi_xbar/gen_slv_port_demux[0].i_axi_demux/gen_demux.i_aw_spill_reg/gen_spill_reg.b_data_q_reg[aw_chan][id][3]'
INFO: [Synth 8-3886] merging instance 'axi_intercon/axi_xbar/gen_slv_port_demux[0].i_axi_demux/gen_demux.i_aw_spill_reg/gen_spill_reg.a_data_q_reg[aw_chan][addr][16]' (FDCE) to 'axi_intercon/axi_xbar/gen_slv_port_demux[0].i_axi_demux/gen_demux.i_aw_spill_reg/gen_spill_reg.a_data_q_reg[aw_chan][id][3]'
INFO: [Synth 8-3886] merging instance 'axi_intercon/axi_xbar/gen_slv_port_demux[0].i_axi_demux/gen_demux.i_aw_spill_reg/gen_spill_reg.b_data_q_reg[aw_chan][addr][16]' (FDCE) to 'axi_intercon/axi_xbar/gen_slv_port_demux[0].i_axi_demux/gen_demux.i_aw_spill_reg/gen_spill_reg.b_data_q_reg[aw_chan][id][3]'
INFO: [Synth 8-3886] merging instance 'axi_intercon/axi_xbar/gen_slv_port_demux[0].i_axi_demux/gen_demux.i_aw_spill_reg/gen_spill_reg.a_data_q_reg[aw_chan][addr][17]' (FDCE) to 'axi_intercon/axi_xbar/gen_slv_port_demux[0].i_axi_demux/gen_demux.i_aw_spill_reg/gen_spill_reg.a_data_q_reg[aw_chan][id][3]'
INFO: [Synth 8-3886] merging instance 'axi_intercon/axi_xbar/gen_slv_port_demux[0].i_axi_demux/gen_demux.i_aw_spill_reg/gen_spill_reg.b_data_q_reg[aw_chan][addr][17]' (FDCE) to 'axi_intercon/axi_xbar/gen_slv_port_demux[0].i_axi_demux/gen_demux.i_aw_spill_reg/gen_spill_reg.b_data_q_reg[aw_chan][id][3]'
INFO: [Common 17-14] Message 'Synth 8-3886' appears 100 times and further instances of the messages will be disabled. Use the Tcl command set_msg_config to change the current settings.
INFO: [Synth 8-3333] propagating constant 0 across sequential element (\axi_intercon/axi_xbar /\gen_slv_port_demux[0].i_axi_demux /\gen_demux.i_aw_spill_reg/gen_spill_reg.a_full_q_reg )
INFO: [Synth 8-3333] propagating constant 0 across sequential element (\axi_intercon/axi_xbar /\gen_slv_port_demux[0].i_axi_demux /\gen_demux.i_aw_spill_reg/gen_spill_reg.a_data_q_reg[aw_select][0] )
INFO: [Synth 8-3333] propagating constant 0 across sequential element (\axi_intercon/axi_xbar /\gen_slv_port_demux[0].i_axi_demux /\gen_demux.i_aw_spill_reg/gen_spill_reg.a_data_q_reg[aw_select][1] )
INFO: [Synth 8-3333] propagating constant 0 across sequential element (\axi_intercon/axi_xbar /\gen_slv_port_demux[2].i_axi_demux /\gen_demux.i_ar_spill_reg/gen_spill_reg.a_data_q_reg[ar_chan][id][3] )
INFO: [Synth 8-3333] propagating constant 0 across sequential element (\axi_intercon/axi_xbar /\gen_slv_port_demux[1].i_axi_demux /\gen_demux.i_ar_spill_reg/gen_spill_reg.a_data_q_reg[ar_chan][id][3] )
INFO: [Synth 8-3333] propagating constant 0 across sequential element (\axi_intercon/axi_xbar /\gen_slv_port_demux[0].i_axi_demux /\gen_demux.i_ar_spill_reg/gen_spill_reg.a_data_q_reg[ar_chan][id][3] )
INFO: [Synth 8-3333] propagating constant 0 across sequential element (\axi_intercon/axi_xbar /\gen_slv_port_demux[0].i_axi_err_slv /\i_b_fifo/status_cnt_q_reg[1] )
INFO: [Synth 8-3333] propagating constant 0 across sequential element (\axi_intercon/axi_xbar /\gen_slv_port_demux[0].i_axi_err_slv /\i_b_fifo/status_cnt_q_reg[0] )
INFO: [Synth 8-3333] propagating constant 0 across sequential element (\axi_intercon/axi_xbar /\gen_slv_port_demux[0].i_axi_demux /\gen_demux.i_b_mux/gen_arbiter.gen_int_rr.rr_q_reg[1] )
INFO: [Synth 8-3333] propagating constant 0 across sequential element (\axi_intercon/axi_xbar /\gen_slv_port_demux[0].i_axi_demux /\gen_demux.i_b_mux/gen_arbiter.gen_int_rr.rr_q_reg[0] )
INFO: [Synth 8-3333] propagating constant 0 across sequential element (\axi_intercon/axi_xbar /\gen_slv_port_demux[0].i_axi_demux /\gen_demux.i_w_fifo/read_pointer_q_reg[1] )
INFO: [Synth 8-3333] propagating constant 0 across sequential element (\axi_intercon/axi_xbar /\gen_slv_port_demux[0].i_axi_demux /\gen_demux.i_w_fifo/read_pointer_q_reg[0] )
INFO: [Synth 8-3333] propagating constant 0 across sequential element (\axi_intercon/axi_xbar /\gen_slv_port_demux[0].i_axi_demux /\gen_demux.i_w_fifo/read_pointer_q_reg[2] )
INFO: [Synth 8-3333] propagating constant 0 across sequential element (\axi_intercon/axi_xbar /\gen_slv_port_demux[0].i_axi_demux /\gen_demux.i_w_fifo/read_pointer_q_reg[3] )
INFO: [Synth 8-3333] propagating constant 0 across sequential element (\axi_intercon/axi_xbar /\gen_slv_port_demux[2].i_axi_demux /\gen_demux.i_aw_spill_reg/gen_spill_reg.a_data_q_reg[aw_chan][id][3] )
INFO: [Synth 8-3333] propagating constant 0 across sequential element (\axi_intercon/axi_xbar /\gen_slv_port_demux[1].i_axi_demux /\gen_demux.i_aw_spill_reg/gen_spill_reg.a_data_q_reg[aw_chan][id][3] )
INFO: [Synth 8-3333] propagating constant 0 across sequential element (\axi_intercon/axi_xbar /\gen_slv_port_demux[0].i_axi_demux /\gen_demux.i_aw_id_counter/gen_counters[1].mst_select_q_reg[1][1] )
INFO: [Synth 8-3333] propagating constant 0 across sequential element (\axi_intercon/axi_xbar /\gen_slv_port_demux[0].i_axi_demux /\gen_demux.i_aw_id_counter/gen_counters[1].i_in_flight_cnt/counter_q_reg[4] )
INFO: [Synth 8-3333] propagating constant 0 across sequential element (\axi_intercon/axi_xbar /\gen_slv_port_demux[0].i_axi_demux /\gen_demux.i_aw_id_counter/gen_counters[1].i_in_flight_cnt/counter_q_reg[3] )
INFO: [Synth 8-3333] propagating constant 0 across sequential element (\axi_intercon/axi_xbar /\gen_slv_port_demux[0].i_axi_demux /\gen_demux.i_aw_id_counter/gen_counters[2].i_in_flight_cnt/counter_q_reg[4] )
INFO: [Synth 8-3333] propagating constant 0 across sequential element (\axi_intercon/axi_xbar /\gen_slv_port_demux[0].i_axi_demux /\gen_demux.i_aw_id_counter/gen_counters[2].i_in_flight_cnt/counter_q_reg[3] )
INFO: [Synth 8-3333] propagating constant 0 across sequential element (\axi_intercon/axi_xbar /\gen_slv_port_demux[0].i_axi_demux /\gen_demux.i_aw_id_counter/gen_counters[3].i_in_flight_cnt/counter_q_reg[4] )
INFO: [Synth 8-3333] propagating constant 0 across sequential element (\axi_intercon/axi_xbar /\gen_slv_port_demux[0].i_axi_demux /\gen_demux.i_aw_id_counter/gen_counters[3].i_in_flight_cnt/counter_q_reg[3] )
INFO: [Synth 8-3333] propagating constant 0 across sequential element (\axi_intercon/axi_xbar /\gen_slv_port_demux[0].i_axi_demux /\gen_demux.i_aw_id_counter/gen_counters[4].i_in_flight_cnt/counter_q_reg[4] )
INFO: [Synth 8-3333] propagating constant 0 across sequential element (\axi_intercon/axi_xbar /\gen_slv_port_demux[0].i_axi_demux /\gen_demux.i_aw_id_counter/gen_counters[4].i_in_flight_cnt/counter_q_reg[3] )
INFO: [Synth 8-3333] propagating constant 0 across sequential element (\axi_intercon/axi_xbar /\gen_slv_port_demux[0].i_axi_demux /\gen_demux.i_aw_id_counter/gen_counters[5].i_in_flight_cnt/counter_q_reg[4] )
INFO: [Synth 8-3333] propagating constant 0 across sequential element (\axi_intercon/axi_xbar /\gen_slv_port_demux[0].i_axi_demux /\gen_demux.i_aw_id_counter/gen_counters[5].i_in_flight_cnt/counter_q_reg[3] )
INFO: [Synth 8-3333] propagating constant 0 across sequential element (\axi_intercon/axi_xbar /\gen_slv_port_demux[0].i_axi_demux /\gen_demux.i_aw_id_counter/gen_counters[6].i_in_flight_cnt/counter_q_reg[4] )
INFO: [Synth 8-3333] propagating constant 0 across sequential element (\axi_intercon/axi_xbar /\gen_slv_port_demux[0].i_axi_demux /\gen_demux.i_aw_id_counter/gen_counters[6].i_in_flight_cnt/counter_q_reg[3] )
INFO: [Synth 8-3333] propagating constant 0 across sequential element (\axi_intercon/axi_xbar /\gen_slv_port_demux[0].i_axi_demux /\gen_demux.i_aw_id_counter/gen_counters[7].i_in_flight_cnt/counter_q_reg[4] )
INFO: [Synth 8-3333] propagating constant 0 across sequential element (\axi_intercon/axi_xbar /\gen_slv_port_demux[0].i_axi_demux /\gen_demux.i_aw_id_counter/gen_counters[7].i_in_flight_cnt/counter_q_reg[3] )
INFO: [Synth 8-3333] propagating constant 0 across sequential element (\axi_intercon/axi_xbar /\gen_slv_port_demux[0].i_axi_demux /\gen_demux.i_aw_id_counter/gen_counters[8].i_in_flight_cnt/counter_q_reg[4] )
INFO: [Synth 8-3333] propagating constant 0 across sequential element (\axi_intercon/axi_xbar /\gen_slv_port_demux[0].i_axi_demux /\gen_demux.i_aw_id_counter/gen_counters[8].i_in_flight_cnt/counter_q_reg[3] )
INFO: [Synth 8-3333] propagating constant 0 across sequential element (\axi_intercon/axi_xbar /\gen_slv_port_demux[0].i_axi_demux /\gen_demux.i_aw_id_counter/gen_counters[9].i_in_flight_cnt/counter_q_reg[4] )
INFO: [Synth 8-3333] propagating constant 0 across sequential element (\axi_intercon/axi_xbar /\gen_slv_port_demux[0].i_axi_demux /\gen_demux.i_aw_id_counter/gen_counters[9].i_in_flight_cnt/counter_q_reg[3] )
INFO: [Synth 8-3333] propagating constant 0 across sequential element (\axi_intercon/axi_xbar /\gen_slv_port_demux[0].i_axi_demux /\gen_demux.i_aw_id_counter/gen_counters[10].i_in_flight_cnt/counter_q_reg[4] )
INFO: [Synth 8-3333] propagating constant 0 across sequential element (\axi_intercon/axi_xbar /\gen_slv_port_demux[0].i_axi_demux /\gen_demux.i_aw_id_counter/gen_counters[10].i_in_flight_cnt/counter_q_reg[3] )
INFO: [Synth 8-3333] propagating constant 0 across sequential element (\axi_intercon/axi_xbar /\gen_slv_port_demux[0].i_axi_demux /\gen_demux.i_aw_id_counter/gen_counters[11].i_in_flight_cnt/counter_q_reg[4] )
INFO: [Synth 8-3333] propagating constant 0 across sequential element (\axi_intercon/axi_xbar /\gen_slv_port_demux[0].i_axi_demux /\gen_demux.i_aw_id_counter/gen_counters[11].i_in_flight_cnt/counter_q_reg[3] )
INFO: [Synth 8-3333] propagating constant 0 across sequential element (\axi_intercon/axi_xbar /\gen_slv_port_demux[0].i_axi_demux /\gen_demux.i_aw_id_counter/gen_counters[12].i_in_flight_cnt/counter_q_reg[4] )
INFO: [Synth 8-3333] propagating constant 0 across sequential element (\axi_intercon/axi_xbar /\gen_slv_port_demux[0].i_axi_demux /\gen_demux.i_aw_id_counter/gen_counters[12].i_in_flight_cnt/counter_q_reg[3] )
INFO: [Synth 8-3333] propagating constant 0 across sequential element (\axi_intercon/axi_xbar /\gen_slv_port_demux[0].i_axi_demux /\gen_demux.i_aw_id_counter/gen_counters[13].i_in_flight_cnt/counter_q_reg[4] )
INFO: [Synth 8-3333] propagating constant 0 across sequential element (\axi_intercon/axi_xbar /\gen_slv_port_demux[0].i_axi_demux /\gen_demux.i_aw_id_counter/gen_counters[13].i_in_flight_cnt/counter_q_reg[3] )
INFO: [Synth 8-3333] propagating constant 0 across sequential element (\axi_intercon/axi_xbar /\gen_slv_port_demux[0].i_axi_demux /\gen_demux.i_aw_id_counter/gen_counters[14].i_in_flight_cnt/counter_q_reg[4] )
INFO: [Synth 8-3333] propagating constant 0 across sequential element (\axi_intercon/axi_xbar /\gen_slv_port_demux[0].i_axi_demux /\gen_demux.i_aw_id_counter/gen_counters[14].i_in_flight_cnt/counter_q_reg[3] )
INFO: [Synth 8-3333] propagating constant 0 across sequential element (\axi_intercon/axi_xbar /\gen_slv_port_demux[0].i_axi_demux /\gen_demux.i_aw_spill_reg/gen_spill_reg.b_data_q_reg[aw_select][0] )
INFO: [Synth 8-3333] propagating constant 0 across sequential element (\axi_intercon/axi_xbar /\gen_slv_port_demux[0].i_axi_demux /\gen_demux.i_aw_spill_reg/gen_spill_reg.b_full_q_reg )
INFO: [Synth 8-3333] propagating constant 0 across sequential element (\axi_intercon/axi_xbar /\gen_slv_port_demux[2].i_axi_demux /\gen_demux.i_ar_id_counter/gen_counters[4].mst_select_q_reg[4][0] )
INFO: [Synth 8-3333] propagating constant 0 across sequential element (\axi_intercon/axi_xbar /\gen_slv_port_demux[2].i_axi_demux /\gen_demux.i_ar_id_counter/gen_counters[4].mst_select_q_reg[4][1] )
INFO: [Synth 8-3333] propagating constant 0 across sequential element (\axi_intercon/axi_xbar /\gen_slv_port_demux[2].i_axi_demux /\gen_demux.i_ar_spill_reg/gen_spill_reg.b_data_q_reg[ar_chan][id][3] )
INFO: [Synth 8-3333] propagating constant 0 across sequential element (\axi_intercon/axi_xbar /\gen_slv_port_demux[1].i_axi_demux /\gen_demux.i_ar_spill_reg/gen_spill_reg.b_data_q_reg[ar_chan][id][3] )
INFO: [Synth 8-3333] propagating constant 0 across sequential element (\axi_intercon/axi_xbar /\gen_slv_port_demux[0].i_axi_demux /\gen_demux.i_ar_spill_reg/gen_spill_reg.b_data_q_reg[ar_chan][id][3] )
INFO: [Synth 8-3333] propagating constant 0 across sequential element (\axi_intercon/axi_xbar /\gen_slv_port_demux[2].i_axi_demux /\gen_demux.i_aw_id_counter/gen_counters[4].mst_select_q_reg[4][0] )
INFO: [Synth 8-3333] propagating constant 0 across sequential element (\axi_intercon/axi_xbar /\gen_slv_port_demux[2].i_axi_demux /\gen_demux.i_aw_id_counter/gen_counters[4].mst_select_q_reg[4][1] )
INFO: [Synth 8-3333] propagating constant 0 across sequential element (\axi_intercon/axi_xbar /\gen_slv_port_demux[2].i_axi_demux /\gen_demux.i_aw_spill_reg/gen_spill_reg.b_data_q_reg[aw_chan][id][3] )
INFO: [Synth 8-3333] propagating constant 0 across sequential element (\axi_intercon/axi_xbar /\gen_slv_port_demux[1].i_axi_demux /\gen_demux.i_aw_spill_reg/gen_spill_reg.b_data_q_reg[aw_chan][id][3] )
INFO: [Synth 8-3333] propagating constant 0 across sequential element (\axi_intercon/axi_xbar /\gen_slv_port_demux[0].i_axi_demux /\gen_demux.i_aw_id_counter/gen_counters[1].i_in_flight_cnt/counter_q_reg[0] )
INFO: [Synth 8-3333] propagating constant 0 across sequential element (\axi_intercon/axi_xbar /\gen_slv_port_demux[0].i_axi_demux /\gen_demux.i_aw_id_counter/gen_counters[1].i_in_flight_cnt/counter_q_reg[1] )
INFO: [Synth 8-3333] propagating constant 0 across sequential element (\axi_intercon/axi_xbar /\gen_slv_port_demux[0].i_axi_demux /\gen_demux.i_aw_id_counter/gen_counters[1].i_in_flight_cnt/counter_q_reg[2] )
INFO: [Synth 8-3333] propagating constant 0 across sequential element (\axi_intercon/axi_xbar /\gen_slv_port_demux[0].i_axi_demux /\gen_demux.i_aw_id_counter/gen_counters[2].i_in_flight_cnt/counter_q_reg[0] )
INFO: [Synth 8-3333] propagating constant 0 across sequential element (\axi_intercon/axi_xbar /\gen_slv_port_demux[0].i_axi_demux /\gen_demux.i_aw_id_counter/gen_counters[2].i_in_flight_cnt/counter_q_reg[1] )
INFO: [Synth 8-3333] propagating constant 0 across sequential element (\axi_intercon/axi_xbar /\gen_slv_port_demux[0].i_axi_demux /\gen_demux.i_aw_id_counter/gen_counters[2].i_in_flight_cnt/counter_q_reg[2] )
INFO: [Synth 8-3333] propagating constant 0 across sequential element (\axi_intercon/axi_xbar /\gen_slv_port_demux[0].i_axi_demux /\gen_demux.i_aw_id_counter/gen_counters[3].i_in_flight_cnt/counter_q_reg[0] )
INFO: [Synth 8-3333] propagating constant 0 across sequential element (\axi_intercon/axi_xbar /\gen_slv_port_demux[0].i_axi_demux /\gen_demux.i_aw_id_counter/gen_counters[3].i_in_flight_cnt/counter_q_reg[1] )
INFO: [Synth 8-3333] propagating constant 0 across sequential element (\axi_intercon/axi_xbar /\gen_slv_port_demux[0].i_axi_demux /\gen_demux.i_aw_id_counter/gen_counters[3].i_in_flight_cnt/counter_q_reg[2] )
INFO: [Synth 8-3333] propagating constant 0 across sequential element (\axi_intercon/axi_xbar /\gen_slv_port_demux[0].i_axi_demux /\gen_demux.i_aw_id_counter/gen_counters[4].i_in_flight_cnt/counter_q_reg[0] )
INFO: [Synth 8-3333] propagating constant 0 across sequential element (\axi_intercon/axi_xbar /\gen_slv_port_demux[0].i_axi_demux /\gen_demux.i_aw_id_counter/gen_counters[4].i_in_flight_cnt/counter_q_reg[1] )
INFO: [Synth 8-3333] propagating constant 0 across sequential element (\axi_intercon/axi_xbar /\gen_slv_port_demux[0].i_axi_demux /\gen_demux.i_aw_id_counter/gen_counters[4].i_in_flight_cnt/counter_q_reg[2] )
INFO: [Synth 8-3333] propagating constant 0 across sequential element (\axi_intercon/axi_xbar /\gen_slv_port_demux[0].i_axi_demux /\gen_demux.i_aw_id_counter/gen_counters[5].i_in_flight_cnt/counter_q_reg[0] )
INFO: [Synth 8-3333] propagating constant 0 across sequential element (\axi_intercon/axi_xbar /\gen_slv_port_demux[0].i_axi_demux /\gen_demux.i_aw_id_counter/gen_counters[5].i_in_flight_cnt/counter_q_reg[1] )
INFO: [Synth 8-3333] propagating constant 0 across sequential element (\axi_intercon/axi_xbar /\gen_slv_port_demux[0].i_axi_demux /\gen_demux.i_aw_id_counter/gen_counters[5].i_in_flight_cnt/counter_q_reg[2] )
INFO: [Synth 8-3333] propagating constant 0 across sequential element (\axi_intercon/axi_xbar /\gen_slv_port_demux[0].i_axi_demux /\gen_demux.i_aw_id_counter/gen_counters[6].i_in_flight_cnt/counter_q_reg[0] )
INFO: [Synth 8-3333] propagating constant 0 across sequential element (\axi_intercon/axi_xbar /\gen_slv_port_demux[0].i_axi_demux /\gen_demux.i_aw_id_counter/gen_counters[6].i_in_flight_cnt/counter_q_reg[1] )
INFO: [Synth 8-3333] propagating constant 0 across sequential element (\axi_intercon/axi_xbar /\gen_slv_port_demux[0].i_axi_demux /\gen_demux.i_aw_id_counter/gen_counters[6].i_in_flight_cnt/counter_q_reg[2] )
INFO: [Synth 8-3333] propagating constant 0 across sequential element (\axi_intercon/axi_xbar /\gen_slv_port_demux[0].i_axi_demux /\gen_demux.i_aw_id_counter/gen_counters[7].i_in_flight_cnt/counter_q_reg[0] )
INFO: [Synth 8-3333] propagating constant 0 across sequential element (\axi_intercon/axi_xbar /\gen_slv_port_demux[0].i_axi_demux /\gen_demux.i_aw_id_counter/gen_counters[7].i_in_flight_cnt/counter_q_reg[1] )
INFO: [Synth 8-3333] propagating constant 0 across sequential element (\axi_intercon/axi_xbar /\gen_slv_port_demux[0].i_axi_demux /\gen_demux.i_aw_id_counter/gen_counters[7].i_in_flight_cnt/counter_q_reg[2] )
INFO: [Synth 8-3333] propagating constant 0 across sequential element (\axi_intercon/axi_xbar /\gen_slv_port_demux[0].i_axi_demux /\gen_demux.i_aw_id_counter/gen_counters[8].i_in_flight_cnt/counter_q_reg[0] )
INFO: [Synth 8-3333] propagating constant 0 across sequential element (\axi_intercon/axi_xbar /\gen_slv_port_demux[0].i_axi_demux /\gen_demux.i_aw_id_counter/gen_counters[8].i_in_flight_cnt/counter_q_reg[1] )
INFO: [Synth 8-3333] propagating constant 0 across sequential element (\axi_intercon/axi_xbar /\gen_slv_port_demux[0].i_axi_demux /\gen_demux.i_aw_id_counter/gen_counters[8].i_in_flight_cnt/counter_q_reg[2] )
INFO: [Synth 8-3333] propagating constant 0 across sequential element (\axi_intercon/axi_xbar /\gen_slv_port_demux[0].i_axi_demux /\gen_demux.i_aw_id_counter/gen_counters[9].i_in_flight_cnt/counter_q_reg[0] )
INFO: [Synth 8-3333] propagating constant 0 across sequential element (\axi_intercon/axi_xbar /\gen_slv_port_demux[0].i_axi_demux /\gen_demux.i_aw_id_counter/gen_counters[9].i_in_flight_cnt/counter_q_reg[1] )
INFO: [Synth 8-3333] propagating constant 0 across sequential element (\axi_intercon/axi_xbar /\gen_slv_port_demux[0].i_axi_demux /\gen_demux.i_aw_id_counter/gen_counters[9].i_in_flight_cnt/counter_q_reg[2] )
INFO: [Synth 8-3333] propagating constant 0 across sequential element (\axi_intercon/axi_xbar /\gen_slv_port_demux[0].i_axi_demux /\gen_demux.i_aw_id_counter/gen_counters[10].i_in_flight_cnt/counter_q_reg[0] )
INFO: [Synth 8-3333] propagating constant 0 across sequential element (\axi_intercon/axi_xbar /\gen_slv_port_demux[0].i_axi_demux /\gen_demux.i_aw_id_counter/gen_counters[10].i_in_flight_cnt/counter_q_reg[1] )
INFO: [Synth 8-3333] propagating constant 0 across sequential element (\axi_intercon/axi_xbar /\gen_slv_port_demux[0].i_axi_demux /\gen_demux.i_aw_id_counter/gen_counters[10].i_in_flight_cnt/counter_q_reg[2] )
INFO: [Synth 8-3333] propagating constant 0 across sequential element (\axi_intercon/axi_xbar /\gen_slv_port_demux[0].i_axi_demux /\gen_demux.i_aw_id_counter/gen_counters[11].i_in_flight_cnt/counter_q_reg[0] )
INFO: [Synth 8-3333] propagating constant 0 across sequential element (\axi_intercon/axi_xbar /\gen_slv_port_demux[0].i_axi_demux /\gen_demux.i_aw_id_counter/gen_counters[11].i_in_flight_cnt/counter_q_reg[1] )
INFO: [Synth 8-3333] propagating constant 0 across sequential element (\axi_intercon/axi_xbar /\gen_slv_port_demux[0].i_axi_demux /\gen_demux.i_aw_id_counter/gen_counters[11].i_in_flight_cnt/counter_q_reg[2] )
INFO: [Synth 8-3333] propagating constant 0 across sequential element (\axi_intercon/axi_xbar /\gen_slv_port_demux[0].i_axi_demux /\gen_demux.i_aw_id_counter/gen_counters[12].i_in_flight_cnt/counter_q_reg[0] )
INFO: [Synth 8-3333] propagating constant 0 across sequential element (\axi_intercon/axi_xbar /\gen_slv_port_demux[0].i_axi_demux /\gen_demux.i_aw_id_counter/gen_counters[12].i_in_flight_cnt/counter_q_reg[1] )
INFO: [Synth 8-3333] propagating constant 0 across sequential element (\axi_intercon/axi_xbar /\gen_slv_port_demux[0].i_axi_demux /\gen_demux.i_aw_id_counter/gen_counters[12].i_in_flight_cnt/counter_q_reg[2] )
INFO: [Common 17-14] Message 'Synth 8-3333' appears 100 times and further instances of the messages will be disabled. Use the Tcl command set_msg_config to change the current settings.
